Component: Arm Compiler for Embedded 6.19 Tool: armlink [5e73cb00]

==============================================================================

Section Cross References

    startup.o(STACK) refers (Special) to heapauxi.o(.text) for __use_two_region_memory
    startup.o(HEAP) refers (Special) to heapauxi.o(.text) for __use_two_region_memory
    startup.o(RESET) refers (Special) to heapauxi.o(.text) for __use_two_region_memory
    startup.o(RESET) refers to startup.o(STACK) for StackMem
    startup.o(RESET) refers to spaceinvaders.o(.text.GPIOPortE_Handler) for GPIOPortE_Handler
    startup.o(RESET) refers to timer0.o(.text.Timer0A_Handler) for Timer0A_Handler
    startup.o(RESET) refers to spaceinvaders.o(.text.Timer1A_Handler) for Timer1A_Handler
    startup.o(RESET) refers to wave.o(.text.Timer2A_Handler) for Timer2A_Handler
    startup.o(RESET) refers to texas.o(.text.Timer5A_Handler) for Timer5A_Handler
    startup.o(RESET) refers to __main.o(!!!main) for __main
    startup.o(.text) refers (Special) to heapauxi.o(.text) for __use_two_region_memory
    startup.o(.text) refers to startup.o(HEAP) for HeapMem
    startup.o(.text) refers to startup.o(STACK) for StackMem
    random.o(.text) refers to random.o(DATA) for M
    timer0.o(.text.Timer0_Init) refers to startup.o(.text) for StartCritical
    timer0.o(.text.Timer0_Init) refers to timer0.o(.bss.PeriodicTask) for PeriodicTask
    timer0.o(.ARM.exidx.text.Timer0_Init) refers to timer0.o(.text.Timer0_Init) for [Anonymous Symbol]
    timer0.o(.text.Timer0A_Handler) refers to timer0.o(.bss.PeriodicTask) for PeriodicTask
    timer0.o(.ARM.exidx.text.Timer0A_Handler) refers to timer0.o(.text.Timer0A_Handler) for [Anonymous Symbol]
    timer0.o(.ARM.exidx.text.Timer0A_Stop) refers to timer0.o(.text.Timer0A_Stop) for [Anonymous Symbol]
    timer0.o(.ARM.exidx.text.Timer0A_Start) refers to timer0.o(.text.Timer0A_Start) for [Anonymous Symbol]
    timer1.o(.ARM.exidx.text.Timer1_Init) refers to timer1.o(.text.Timer1_Init) for [Anonymous Symbol]
    spaceinvaders.o(.ARM.exidx.text.convert) refers to spaceinvaders.o(.text.convert) for [Anonymous Symbol]
    spaceinvaders.o(.text.Timer1A_Handler) refers to adc.o(.text.ADC_In) for ADC_In
    spaceinvaders.o(.text.Timer1A_Handler) refers to spaceinvaders.o(.bss.ADCMail) for ADCMail
    spaceinvaders.o(.ARM.exidx.text.Timer1A_Handler) refers to spaceinvaders.o(.text.Timer1A_Handler) for [Anonymous Symbol]
    spaceinvaders.o(.ARM.exidx.text.Delay100ms) refers to spaceinvaders.o(.text.Delay100ms) for [Anonymous Symbol]
    spaceinvaders.o(.ARM.exidx.text.EdgeCounter_Init) refers to spaceinvaders.o(.text.EdgeCounter_Init) for [Anonymous Symbol]
    spaceinvaders.o(.text.GPIOPortE_Handler) refers to spaceinvaders.o(.bss.fallingEdges) for fallingEdges
    spaceinvaders.o(.text.GPIOPortE_Handler) refers to spaceinvaders.o(.bss.numShoots) for numShoots
    spaceinvaders.o(.text.GPIOPortE_Handler) refers to spaceinvaders.o(.bss.myLanguage) for myLanguage
    spaceinvaders.o(.text.GPIOPortE_Handler) refers to spaceinvaders.o(.text.checkDestroy) for checkDestroy
    spaceinvaders.o(.text.GPIOPortE_Handler) refers to spaceinvaders.o(.bss.target) for target
    spaceinvaders.o(.text.GPIOPortE_Handler) refers to spaceinvaders.o(.bss.bulletShot) for bulletShot
    spaceinvaders.o(.text.GPIOPortE_Handler) refers to spaceinvaders.o(.bss.numPauses) for numPauses
    spaceinvaders.o(.text.GPIOPortE_Handler) refers to spaceinvaders.o(.bss.status) for status
    spaceinvaders.o(.text.GPIOPortE_Handler) refers to wave.o(.text.Wave_Highpitch) for Wave_Highpitch
    spaceinvaders.o(.ARM.exidx.text.GPIOPortE_Handler) refers to spaceinvaders.o(.text.GPIOPortE_Handler) for [Anonymous Symbol]
    spaceinvaders.o(.text.checkDestroy) refers to spaceinvaders.o(.data.pBullet) for pBullet
    spaceinvaders.o(.text.checkDestroy) refers to spaceinvaders.o(.bss.arr) for arr
    spaceinvaders.o(.ARM.exidx.text.checkDestroy) refers to spaceinvaders.o(.text.checkDestroy) for [Anonymous Symbol]
    spaceinvaders.o(.text.main) refers to spaceinvaders.o(.bss.numShoots) for numShoots
    spaceinvaders.o(.text.main) refers to spaceinvaders.o(.bss.numPauses) for numPauses
    spaceinvaders.o(.text.main) refers to spaceinvaders.o(.bss.score) for score
    spaceinvaders.o(.text.main) refers to spaceinvaders.o(.bss.fallingEdges) for fallingEdges
    spaceinvaders.o(.text.main) refers to startup.o(.text) for DisableInterrupts
    spaceinvaders.o(.text.main) refers to texas.o(.text.TExaS_Init) for TExaS_Init
    spaceinvaders.o(.text.main) refers to random.o(.text) for Random_Init
    spaceinvaders.o(.text.main) refers to st7735.o(.text.Output_Init) for Output_Init
    spaceinvaders.o(.text.main) refers to spaceinvaders.o(.text.EdgeCounter_Init) for EdgeCounter_Init
    spaceinvaders.o(.text.main) refers to spaceinvaders.o(.text.GameIntro) for GameIntro
    spaceinvaders.o(.text.main) refers to spaceinvaders.o(.text.GameInit) for GameInit
[...]
    rt_raise.o(.text) refers to sys_exit.o(.text) for _sys_exit
    defsig_exit.o(.text) refers to sys_exit.o(.text) for _sys_exit
    defsig_rtmem_inner.o(.text) refers to defsig_general.o(.text) for __default_signal_display
    __raise.o(.text) refers to defsig.o(CL$$defsig) for __default_signal_handler
    defsig_general.o(.text) refers to sys_wrch.o(.text) for _ttywrch
    sys_wrch.o(.text) refers (Special) to use_no_semi.o(.text) for __I$use$semihosting
    sys_wrch.o(.text) refers (Special) to indicate_semi.o(.text) for __semihosting_library_function
    sys_wrch_hlt.o(.text) refers (Special) to use_no_semi.o(.text) for __I$use$semihosting
    sys_wrch_hlt.o(.text) refers (Special) to indicate_semi.o(.text) for __semihosting_library_function
    defsig.o(CL$$defsig) refers to defsig_rtmem_inner.o(.text) for __rt_SIGRTMEM_inner
    defsig_abrt_inner.o(.text) refers to defsig_general.o(.text) for __default_signal_display
    defsig_fpe_inner.o(.text) refers to defsig_general.o(.text) for __default_signal_display
    defsig_rtred_inner.o(.text) refers to defsig_general.o(.text) for __default_signal_display
    defsig_stak_inner.o(.text) refers to defsig_general.o(.text) for __default_signal_display
    defsig_pvfn_inner.o(.text) refers to defsig_general.o(.text) for __default_signal_display
    defsig_cppl_inner.o(.text) refers to defsig_general.o(.text) for __default_signal_display
    defsig_segv_inner.o(.text) refers to defsig_general.o(.text) for __default_signal_display
    defsig_other.o(.text) refers to defsig_general.o(.text) for __default_signal_display


==============================================================================

Removing Unused input sections from the image.

    Removing timer0.o(.text), (0 bytes).
    Removing timer0.o(.ARM.exidx.text.Timer0_Init), (8 bytes).
    Removing timer0.o(.ARM.exidx.text.Timer0A_Handler), (8 bytes).
    Removing timer0.o(.ARM.exidx.text.Timer0A_Stop), (8 bytes).
    Removing timer0.o(.text.Timer0A_Start), (16 bytes).
    Removing timer0.o(.ARM.exidx.text.Timer0A_Start), (8 bytes).
    Removing timer1.o(.text), (0 bytes).
    Removing timer1.o(.ARM.exidx.text.Timer1_Init), (8 bytes).
    Removing spaceinvaders.o(.text), (0 bytes).
    Removing spaceinvaders.o(.ARM.exidx.text.convert), (8 bytes).
    Removing spaceinvaders.o(.ARM.exidx.text.Timer1A_Handler), (8 bytes).
    Removing spaceinvaders.o(.ARM.exidx.text.Delay100ms), (8 bytes).
    Removing spaceinvaders.o(.ARM.exidx.text.EdgeCounter_Init), (8 bytes).
    Removing spaceinvaders.o(.ARM.exidx.text.GPIOPortE_Handler), (8 bytes).
    Removing spaceinvaders.o(.ARM.exidx.text.checkDestroy), (8 bytes).
    Removing spaceinvaders.o(.ARM.exidx.text.main), (8 bytes).
    Removing spaceinvaders.o(.ARM.exidx.text.GameIntro), (8 bytes).
    Removing spaceinvaders.o(.ARM.exidx.text.GameInit), (8 bytes).
    Removing spaceinvaders.o(.ARM.exidx.text.GameMove), (8 bytes).
    Removing spaceinvaders.o(.ARM.exidx.text.MovePlayer), (8 bytes).
    Removing spaceinvaders.o(.ARM.exidx.text.GameDraw), (8 bytes).
    Removing spaceinvaders.o(.ARM.exidx.text.GameOver), (8 bytes).
    Removing spaceinvaders.o(.ARM.exidx.text.shootBullet), (8 bytes).
    Removing spaceinvaders.o(.ARM.exidx.text.destroyEnemy), (8 bytes).
    Removing spaceinvaders.o(.rodata.PlayerShip1), (288 bytes).
    Removing spaceinvaders.o(.rodata.PlayerShip2), (288 bytes).
    Removing spaceinvaders.o(.rodata.PlayerShip3), (288 bytes).
    Removing spaceinvaders.o(.rodata.starback), (40320 bytes).
    Removing spaceinvaders.o(.rodata.Hello_English), (6 bytes).
    Removing spaceinvaders.o(.rodata.Hello_Spanish), (7 bytes).
    Removing spaceinvaders.o(.rodata.Goodbye_English), (8 bytes).
    Removing spaceinvaders.o(.rodata.Goodbye_Spanish), (6 bytes).
    Removing spaceinvaders.o(.rodata.Language_English), (8 bytes).
    Removing spaceinvaders.o(.rodata.Language_Spanish), (8 bytes).
    Removing spaceinvaders.o(.data.Phrases), (24 bytes).
    Removing spaceinvaders.o(.bss.highscore), (4 bytes).
    Removing spaceinvaders.o(.bss.ADCStatus), (4 bytes).
    Removing spaceinvaders.o(.ARM.use_no_argv), (4 bytes).
    Removing texas.o(.text), (0 bytes).
    Removing texas.o(.ARM.exidx.text.Scope), (8 bytes).
    Removing texas.o(.ARM.exidx.text.LogicAnalyzerA), (8 bytes).
    Removing texas.o(.ARM.exidx.text.LogicAnalyzerB), (8 bytes).
    Removing texas.o(.ARM.exidx.text.LogicAnalyzerC), (8 bytes).
    Removing texas.o(.ARM.exidx.text.LogicAnalyzerE), (8 bytes).
    Removing texas.o(.ARM.exidx.text.LogicAnalyzerF), (8 bytes).
    Removing texas.o(.ARM.exidx.text.PeriodicTask2_Init), (8 bytes).
    Removing texas.o(.ARM.exidx.text.Timer5A_Handler), (8 bytes).
    Removing texas.o(.text.PeriodicTask2_Stop), (48 bytes).
    Removing texas.o(.ARM.exidx.text.PeriodicTask2_Stop), (8 bytes).
    Removing texas.o(.ARM.exidx.text.UART0_Init), (8 bytes).
    Removing texas.o(.text.UART0_InChar), (36 bytes).
    Removing texas.o(.ARM.exidx.text.UART0_InChar), (8 bytes).
    Removing texas.o(.text.UART0_OutChar), (46 bytes).
    Removing texas.o(.ARM.exidx.text.UART0_OutChar), (8 bytes).
    Removing texas.o(.text.UART0_OutString), (36 bytes).
    Removing texas.o(.ARM.exidx.text.UART0_OutString), (8 bytes).
    Removing texas.o(.ARM.exidx.text.ADC1_Init), (8 bytes).
    Removing texas.o(.ARM.exidx.text.TExaS_Init), (8 bytes).
    Removing texas.o(.text.TExaS_Stop), (8 bytes).
    Removing texas.o(.ARM.exidx.text.TExaS_Stop), (8 bytes).
    Removing adc.o(.text), (0 bytes).
    Removing adc.o(.ARM.exidx.text.ADC_Init), (8 bytes).
    Removing adc.o(.ARM.exidx.text.ADC_In), (8 bytes).
    Removing dac.o(.text), (0 bytes).
    Removing dac.o(.ARM.exidx.text.DAC_Init), (8 bytes).
    Removing dac.o(.ARM.exidx.text.DAC_Out), (8 bytes).
    Removing pll.o(.text), (0 bytes).
    Removing pll.o(.ARM.exidx.text.PLL_Init), (8 bytes).
    Removing st7735.o(.text), (0 bytes).
    Removing st7735.o(.ARM.exidx.text.writecommand), (8 bytes).
    Removing st7735.o(.ARM.exidx.text.writedata), (8 bytes).
    Removing st7735.o(.ARM.exidx.text.Delay1ms), (8 bytes).
    Removing st7735.o(.text.ST7735_InitB), (50 bytes).
    Removing st7735.o(.ARM.exidx.text.ST7735_InitB), (8 bytes).
    Removing st7735.o(.ARM.exidx.text.commonInit), (8 bytes).
    Removing st7735.o(.ARM.exidx.text.ST7735_SetCursor), (8 bytes).
    Removing st7735.o(.ARM.exidx.text.ST7735_FillScreen), (8 bytes).
    Removing st7735.o(.ARM.exidx.text.ST7735_InitR), (8 bytes).
    Removing st7735.o(.ARM.exidx.text.commandList), (8 bytes).
    Removing st7735.o(.ARM.exidx.text.ST7735_DrawPixel), (8 bytes).
    Removing st7735.o(.ARM.exidx.text.setAddrWindow), (8 bytes).
    Removing st7735.o(.ARM.exidx.text.pushColor), (8 bytes).
    Removing st7735.o(.text.ST7735_DrawFastVLine), (198 bytes).
    Removing st7735.o(.ARM.exidx.text.ST7735_DrawFastVLine), (8 bytes).
    Removing st7735.o(.text.ST7735_DrawFastHLine), (198 bytes).
    Removing st7735.o(.ARM.exidx.text.ST7735_DrawFastHLine), (8 bytes).
    Removing st7735.o(.ARM.exidx.text.ST7735_FillRect), (8 bytes).
    Removing st7735.o(.text.ST7735_DrawSmallCircle), (218 bytes).
    Removing st7735.o(.ARM.exidx.text.ST7735_DrawSmallCircle), (8 bytes).
    Removing st7735.o(.text.deselect), (36 bytes).
    Removing st7735.o(.ARM.exidx.text.deselect), (8 bytes).
    Removing st7735.o(.text.ST7735_DrawCircle), (218 bytes).
    Removing st7735.o(.ARM.exidx.text.ST7735_DrawCircle), (8 bytes).
    Removing st7735.o(.text.ST7735_Color565), (48 bytes).
    Removing st7735.o(.ARM.exidx.text.ST7735_Color565), (8 bytes).
    Removing st7735.o(.text.ST7735_SwapColor), (28 bytes).
    Removing st7735.o(.ARM.exidx.text.ST7735_SwapColor), (8 bytes).
    Removing st7735.o(.ARM.exidx.text.ST7735_DrawBitmap), (8 bytes).
    Removing st7735.o(.ARM.exidx.text.ST7735_DrawCharS), (8 bytes).
    Removing st7735.o(.text.ST7735_DrawChar), (428 bytes).
    Removing st7735.o(.ARM.exidx.text.ST7735_DrawChar), (8 bytes).
    Removing st7735.o(.ARM.exidx.text.ST7735_DrawString), (8 bytes).
    Removing st7735.o(.ARM.exidx.text.ST7735_OutUDec), (8 bytes).
    Removing st7735.o(.text.ST7735_OutFix), (184 bytes).
    Removing st7735.o(.ARM.exidx.text.ST7735_OutFix), (8 bytes).
    Removing st7735.o(.text.ST7735_SetRotation), (290 bytes).
    Removing st7735.o(.ARM.exidx.text.ST7735_SetRotation), (8 bytes).
    Removing st7735.o(.text.ST7735_InvertDisplay), (32 bytes).
    Removing st7735.o(.ARM.exidx.text.ST7735_InvertDisplay), (8 bytes).
    Removing st7735.o(.text.ST7735_PlotClear), (144 bytes).
    Removing st7735.o(.ARM.exidx.text.ST7735_PlotClear), (8 bytes).
    Removing st7735.o(.text.ST7735_PlotPoint), (222 bytes).
    Removing st7735.o(.ARM.exidx.text.ST7735_PlotPoint), (8 bytes).
    Removing st7735.o(.text.ST7735_PlotLine), (462 bytes).
    Removing st7735.o(.ARM.exidx.text.ST7735_PlotLine), (8 bytes).
    Removing st7735.o(.text.ST7735_PlotPoints), (314 bytes).
    Removing st7735.o(.ARM.exidx.text.ST7735_PlotPoints), (8 bytes).
    Removing st7735.o(.text.ST7735_PlotBar), (138 bytes).
    Removing st7735.o(.ARM.exidx.text.ST7735_PlotBar), (8 bytes).
    Removing st7735.o(.text.ST7735_PlotdBfs), (96 bytes).
    Removing st7735.o(.ARM.exidx.text.ST7735_PlotdBfs), (8 bytes).
    Removing st7735.o(.text.ST7735_PlotNext), (48 bytes).
    Removing st7735.o(.ARM.exidx.text.ST7735_PlotNext), (8 bytes).
    Removing st7735.o(.text.ST7735_PlotNextErase), (90 bytes).
    Removing st7735.o(.ARM.exidx.text.ST7735_PlotNextErase), (8 bytes).
    Removing st7735.o(.ARM.exidx.text.ST7735_OutChar), (8 bytes).
    Removing st7735.o(.ARM.exidx.text.ST7735_OutString), (8 bytes).
    Removing st7735.o(.text.ST7735_SetTextColor), (24 bytes).
    Removing st7735.o(.ARM.exidx.text.ST7735_SetTextColor), (8 bytes).
    Removing st7735.o(.text.fputc), (22 bytes).
    Removing st7735.o(.ARM.exidx.text.fputc), (8 bytes).
    Removing st7735.o(.text.fgetc), (10 bytes).
    Removing st7735.o(.ARM.exidx.text.fgetc), (8 bytes).
    Removing st7735.o(.text.ferror), (12 bytes).
    Removing st7735.o(.ARM.exidx.text.ferror), (8 bytes).
    Removing st7735.o(.ARM.exidx.text.Output_Init), (8 bytes).
    Removing st7735.o(.ARM.exidx.text.Output_Clear), (8 bytes).
    Removing st7735.o(.text.Output_Off), (8 bytes).
    Removing st7735.o(.ARM.exidx.text.Output_Off), (8 bytes).
    Removing st7735.o(.text.Output_On), (8 bytes).
    Removing st7735.o(.ARM.exidx.text.Output_On), (8 bytes).
    Removing st7735.o(.text.Output_Color), (18 bytes).
    Removing st7735.o(.ARM.exidx.text.Output_Color), (8 bytes).
    Removing st7735.o(.rodata.Bcmd), (103 bytes).
    Removing st7735.o(.rodata.smallCircle), (36 bytes).
    Removing st7735.o(.rodata.circle), (60 bytes).
    Removing st7735.o(.bss.Rotation), (1 bytes).
    Removing st7735.o(.bss.Ymax), (4 bytes).
    Removing st7735.o(.bss.Ymin), (4 bytes).
    Removing st7735.o(.bss.Yrange), (4 bytes).
    Removing st7735.o(.bss.X), (4 bytes).
    Removing st7735.o(.bss.lastj), (4 bytes).
    Removing st7735.o(.rodata.dBfs), (512 bytes).
    Removing st7735.o(.bss.Messageindex), (4 bytes).
    Removing wave.o(.text), (0 bytes).
    Removing wave.o(.ARM.exidx.text.Timer2A_Init), (8 bytes).
    Removing wave.o(.ARM.exidx.text.Timer2A_Start), (8 bytes).
    Removing wave.o(.ARM.exidx.text.Wave_Stop), (8 bytes).
    Removing wave.o(.ARM.exidx.text.Wave_Init), (8 bytes).
    Removing wave.o(.ARM.exidx.text.Timer2A_Handler), (8 bytes).
    Removing wave.o(.ARM.exidx.text.Wave_Start), (8 bytes).
    Removing wave.o(.ARM.exidx.text.Wave_Shoot), (8 bytes).
    Removing wave.o(.ARM.exidx.text.Wave_Killed), (8 bytes).
    Removing wave.o(.ARM.exidx.text.Wave_Highpitch), (8 bytes).

164 unused section(s) (total 46509 bytes) removed from the image.

==============================================================================

Image Symbol Table

    Local Symbols

    Symbol Name                              Value     Ov Type        Size  Object(Section)

    ../clib/angel/boardlib.s                 0x00000000   Number         0  boardinit1.o ABSOLUTE
    ../clib/angel/boardlib.s                 0x00000000   Number         0  boardinit2.o ABSOLUTE
    ../clib/angel/boardlib.s                 0x00000000   Number         0  boardinit3.o ABSOLUTE
    ../clib/angel/boardlib.s                 0x00000000   Number         0  boardshut.o ABSOLUTE
    ../clib/angel/handlers.s                 0x00000000   Number         0  __scatter_copy.o ABSOLUTE
    ../clib/angel/handlers.s                 0x00000000   Number         0  __scatter_zi.o ABSOLUTE
    ../clib/angel/kernel.s                   0x00000000   Number         0  __rtentry.o ABSOLUTE
    ../clib/angel/kernel.s                   0x00000000   Number         0  __rtentry2.o ABSOLUTE
    ../clib/angel/kernel.s                   0x00000000   Number         0  __rtentry4.o ABSOLUTE
    ../clib/angel/kernel.s                   0x00000000   Number         0  rtexit.o ABSOLUTE
    ../clib/angel/kernel.s                   0x00000000   Number         0  rtexit2.o ABSOLUTE
    ../clib/angel/rt.s                       0x00000000   Number         0  rt_raise.o ABSOLUTE
    ../clib/angel/scatter.s                  0x00000000   Number         0  __scatter.o ABSOLUTE
    ../clib/angel/startup.s                  0x00000000   Number         0  __main.o ABSOLUTE
    ../clib/angel/sys.s                      0x00000000   Number         0  sys_stackheap_outer.o ABSOLUTE
    ../clib/angel/sys.s                      0x00000000   Number         0  libspace.o ABSOLUTE
    ../clib/angel/sys.s                      0x00000000   Number         0  use_no_semi.o ABSOLUTE
    ../clib/angel/sys.s                      0x00000000   Number         0  indicate_semi.o ABSOLUTE
    ../clib/angel/sysapp.c                   0x00000000   Number         0  sys_exit.o ABSOLUTE
    ../clib/angel/sysapp.c                   0x00000000   Number         0  sys_exit_hlt.o ABSOLUTE
    ../clib/angel/sysapp.c                   0x00000000   Number         0  sys_command.o ABSOLUTE
    ../clib/angel/sysapp.c                   0x00000000   Number         0  sys_command_hlt.o ABSOLUTE
    ../clib/angel/sysapp.c                   0x00000000   Number         0  sys_wrch.o ABSOLUTE
    ../clib/angel/sysapp.c                   0x00000000   Number         0  sys_wrch_hlt.o ABSOLUTE
    ../clib/armsys.c                         0x00000000   Number         0  argv_veneer.o ABSOLUTE
    ../clib/armsys.c                         0x00000000   Number         0  argv_veneer.o ABSOLUTE
    ../clib/armsys.c                         0x00000000   Number         0  _get_argv_nomalloc.o ABSOLUTE
    ../clib/armsys.c                         0x00000000   Number         0  no_argv.o ABSOLUTE
    ../clib/heapalloc.c                      0x00000000   Number         0  hrguard.o ABSOLUTE
    ../clib/heapaux.c                        0x00000000   Number         0  heapauxi.o ABSOLUTE
    ../clib/libinit.s                        0x00000000   Number         0  libinit.o ABSOLUTE
    ../clib/libinit.s                        0x00000000   Number         0  libinit2.o ABSOLUTE
    ../clib/libinit.s                        0x00000000   Number         0  libshutdown.o ABSOLUTE
    ../clib/libinit.s                        0x00000000   Number         0  libshutdown2.o ABSOLUTE
    ../clib/signal.c                         0x00000000   Number         0  defsig_rtmem_outer.o ABSOLUTE
    ../clib/signal.c                         0x00000000   Number         0  defsig_rtmem_formal.o ABSOLUTE
    ../clib/signal.c                         0x00000000   Number         0  defsig_exit.o ABSOLUTE
    ../clib/signal.c                         0x00000000   Number         0  defsig_rtmem_inner.o ABSOLUTE
    ../clib/signal.c                         0x00000000   Number         0  __raise.o ABSOLUTE
    ../clib/signal.c                         0x00000000   Number         0  defsig_general.o ABSOLUTE
    ../clib/signal.c                         0x00000000   Number         0  defsig_abrt_inner.o ABSOLUTE
    ../clib/signal.c                         0x00000000   Number         0  defsig_fpe_inner.o ABSOLUTE
    ../clib/signal.c                         0x00000000   Number         0  defsig_rtred_inner.o ABSOLUTE
    ../clib/signal.c                         0x00000000   Number         0  defsig_stak_inner.o ABSOLUTE
    ../clib/signal.c                         0x00000000   Number         0  defsig_pvfn_inner.o ABSOLUTE
    ../clib/signal.c                         0x00000000   Number         0  defsig_cppl_inner.o ABSOLUTE
    ../clib/signal.c                         0x00000000   Number         0  defsig_segv_inner.o ABSOLUTE
    ../clib/signal.c                         0x00000000   Number         0  defsig_other.o ABSOLUTE
    ../clib/signal.s                         0x00000000   Number         0  defsig.o ABSOLUTE
    ../clib/stdlib.c                         0x00000000   Number         0  exit.o ABSOLUTE
    ../fplib/fpinit.s                        0x00000000   Number         0  fpinit.o ABSOLUTE
    ../fplib/fpinit_empty.s                  0x00000000   Number         0  fpinit_empty.o ABSOLUTE
    ..\inc\BusyWait.s                        0x00000000   Number         0  busywait.o ABSOLUTE
    ..\inc\StringConversion.s                0x00000000   Number         0  stringconversion.o ABSOLUTE
    ADC.c                                    0x00000000   Number         0  adc.o ABSOLUTE
    DAC.c                                    0x00000000   Number         0  dac.o ABSOLUTE
    PLL.c                                    0x00000000   Number         0  pll.o ABSOLUTE
    ST7735.c                                 0x00000000   Number         0  st7735.o ABSOLUTE
    SpaceInvaders.c                          0x00000000   Number         0  spaceinvaders.o ABSOLUTE
    TExaS.c                                  0x00000000   Number         0  texas.o ABSOLUTE
    Timer0.c                                 0x00000000   Number         0  timer0.o ABSOLUTE
    Timer1.c                                 0x00000000   Number         0  timer1.o ABSOLUTE
    dc.s                                     0x00000000   Number         0  dc.o ABSOLUTE
    random.s                                 0x00000000   Number         0  random.o ABSOLUTE
    startup.s                                0x00000000   Number         0  startup.o ABSOLUTE
    wave.c                                   0x00000000   Number         0  wave.o ABSOLUTE
    RESET                                    0x00000000   Section      644  startup.o(RESET)
    !!!main                                  0x00000284   Section        8  __main.o(!!!main)
    !!!scatter                               0x0000028c   Section       52  __scatter.o(!!!scatter)
    !!handler_copy                           0x000002c0   Section       26  __scatter_copy.o(!!handler_copy)
    !!handler_zi                             0x000002dc   Section       28  __scatter_zi.o(!!handler_zi)
    .ARM.Collect$$libinit$$00000000          0x000002f8   Section        2  libinit.o(.ARM.Collect$$libinit$$00000000)
    .ARM.Collect$$libinit$$00000002          0x000002fa   Section        0  libinit2.o(.ARM.Collect$$libinit$$00000002)
    .ARM.Collect$$libinit$$00000004          0x000002fa   Section        0  libinit2.o(.ARM.Collect$$libinit$$00000004)
    .ARM.Collect$$libinit$$00000006          0x000002fa   Section        0  libinit2.o(.ARM.Collect$$libinit$$00000006)
    .ARM.Collect$$libinit$$0000000C          0x000002fa   Section        0  libinit2.o(.ARM.Collect$$libinit$$0000000C)
    .ARM.Collect$$libinit$$0000000E          0x000002fa   Section        0  libinit2.o(.ARM.Collect$$libinit$$0000000E)
    .ARM.Collect$$libinit$$00000010          0x000002fa   Section        0  libinit2.o(.ARM.Collect$$libinit$$00000010)
    .ARM.Collect$$libinit$$00000013          0x000002fa   Section        0  libinit2.o(.ARM.Collect$$libinit$$00000013)
    .ARM.Collect$$libinit$$00000015          0x000002fa   Section        0  libinit2.o(.ARM.Collect$$libinit$$00000015)
    .ARM.Collect$$libinit$$00000017          0x000002fa   Section        0  libinit2.o(.ARM.Collect$$libinit$$00000017)
    .ARM.Collect$$libinit$$00000019          0x000002fa   Section        0  libinit2.o(.ARM.Collect$$libinit$$00000019)
    .ARM.Collect$$libinit$$0000001B          0x000002fa   Section        0  libinit2.o(.ARM.Collect$$libinit$$0000001B)
    .ARM.Collect$$libinit$$0000001D          0x000002fa   Section        0  libinit2.o(.ARM.Collect$$libinit$$0000001D)
    .ARM.Collect$$libinit$$0000001F          0x000002fa   Section        0  libinit2.o(.ARM.Collect$$libinit$$0000001F)
    .ARM.Collect$$libinit$$00000021          0x000002fa   Section        0  libinit2.o(.ARM.Collect$$libinit$$00000021)
    .ARM.Collect$$libinit$$00000023          0x000002fa   Section        0  libinit2.o(.ARM.Collect$$libinit$$00000023)
    .ARM.Collect$$libinit$$00000025          0x000002fa   Section        0  libinit2.o(.ARM.Collect$$libinit$$00000025)
    .ARM.Collect$$libinit$$00000027          0x000002fa   Section        0  libinit2.o(.ARM.Collect$$libinit$$00000027)
    .ARM.Collect$$libinit$$0000002E          0x000002fa   Section        0  libinit2.o(.ARM.Collect$$libinit$$0000002E)
    .ARM.Collect$$libinit$$00000030          0x000002fa   Section        0  libinit2.o(.ARM.Collect$$libinit$$00000030)
    .ARM.Collect$$libinit$$00000032          0x000002fa   Section        0  libinit2.o(.ARM.Collect$$libinit$$00000032)
    .ARM.Collect$$libinit$$00000034          0x000002fa   Section        0  libinit2.o(.ARM.Collect$$libinit$$00000034)
    .ARM.Collect$$libinit$$00000035          0x000002fa   Section        2  libinit2.o(.ARM.Collect$$libinit$$00000035)
    .ARM.Collect$$libshutdown$$00000000      0x000002fc   Section        2  libshutdown.o(.ARM.Collect$$libshutdown$$00000000)
    .ARM.Collect$$libshutdown$$00000002      0x000002fe   Section        0  libshutdown2.o(.ARM.Collect$$libshutdown$$00000002)
    .ARM.Collect$$libshutdown$$00000004      0x000002fe   Section        0  libshutdown2.o(.ARM.Collect$$libshutdown$$00000004)
    .ARM.Collect$$libshutdown$$00000007      0x000002fe   Section        0  libshutdown2.o(.ARM.Collect$$libshutdown$$00000007)
    .ARM.Collect$$libshutdown$$0000000A      0x000002fe   Section        0  libshutdown2.o(.ARM.Collect$$libshutdown$$0000000A)
    .ARM.Collect$$libshutdown$$0000000C      0x000002fe   Section        0  libshutdown2.o(.ARM.Collect$$libshutdown$$0000000C)
    .ARM.Collect$$libshutdown$$0000000F      0x000002fe   Section        0  libshutdown2.o(.ARM.Collect$$libshutdown$$0000000F)
    .ARM.Collect$$libshutdown$$00000010      0x000002fe   Section        2  libshutdown2.o(.ARM.Collect$$libshutdown$$00000010)
    .ARM.Collect$$rtentry$$00000000          0x00000300   Section        0  __rtentry.o(.ARM.Collect$$rtentry$$00000000)
    .ARM.Collect$$rtentry$$00000002          0x00000300   Section        0  __rtentry2.o(.ARM.Collect$$rtentry$$00000002)
    .ARM.Collect$$rtentry$$00000004          0x00000300   Section        6  __rtentry4.o(.ARM.Collect$$rtentry$$00000004)
    .ARM.Collect$$rtentry$$00000009          0x00000306   Section        0  __rtentry2.o(.ARM.Collect$$rtentry$$00000009)
    .ARM.Collect$$rtentry$$0000000A          0x00000306   Section        4  __rtentry2.o(.ARM.Collect$$rtentry$$0000000A)
    .ARM.Collect$$rtentry$$0000000C          0x0000030a   Section        0  __rtentry2.o(.ARM.Collect$$rtentry$$0000000C)
    .ARM.Collect$$rtentry$$0000000D          0x0000030a   Section        8  __rtentry2.o(.ARM.Collect$$rtentry$$0000000D)
    .ARM.Collect$$rtexit$$00000000           0x00000312   Section        2  rtexit.o(.ARM.Collect$$rtexit$$00000000)
    .ARM.Collect$$rtexit$$00000002           0x00000314   Section        0  rtexit2.o(.ARM.Collect$$rtexit$$00000002)
    .ARM.Collect$$rtexit$$00000003           0x00000314   Section        4  rtexit2.o(.ARM.Collect$$rtexit$$00000003)
    .ARM.Collect$$rtexit$$00000004           0x00000318   Section        6  rtexit2.o(.ARM.Collect$$rtexit$$00000004)
    .text                                    0x00000320   Section       48  startup.o(.text)
    .text                                    0x00000350   Section       60  random.o(.text)
    .text                                    0x0000038c   Section       68  busywait.o(.text)
    .text                                    0x000003d0   Section      264  stringconversion.o(.text)
    .text                                    0x000004d8   Section        0  heapauxi.o(.text)
    .text                                    0x000004de   Section       74  sys_stackheap_outer.o(.text)
    .text                                    0x00000528   Section        0  exit.o(.text)
    .text                                    0x0000053c   Section        8  libspace.o(.text)
    .text                                    0x00000544   Section        0  sys_exit.o(.text)
    .text                                    0x00000550   Section        2  use_no_semi.o(.text)
    .text                                    0x00000552   Section        0  indicate_semi.o(.text)
    [Anonymous Symbol]                       0x00000554   Section        0  texas.o(.text.ADC1_Init)
    [Anonymous Symbol]                       0x00000650   Section        0  adc.o(.text.ADC_In)
    [Anonymous Symbol]                       0x00000698   Section        0  adc.o(.text.ADC_Init)
    [Anonymous Symbol]                       0x000007a8   Section        0  dac.o(.text.DAC_Init)
    [Anonymous Symbol]                       0x000007e4   Section        0  dac.o(.text.DAC_Out)
    [Anonymous Symbol]                       0x00000808   Section        0  spaceinvaders.o(.text.Delay100ms)
    [Anonymous Symbol]                       0x0000083c   Section        0  st7735.o(.text.Delay1ms)
    [Anonymous Symbol]                       0x0000086c   Section        0  spaceinvaders.o(.text.EdgeCounter_Init)
    [Anonymous Symbol]                       0x00000924   Section        0  spaceinvaders.o(.text.GPIOPortE_Handler)
    [Anonymous Symbol]                       0x00000a54   Section        0  spaceinvaders.o(.text.GameDraw)
    [Anonymous Symbol]                       0x00000af8   Section        0  spaceinvaders.o(.text.GameInit)
    [Anonymous Symbol]                       0x00000c84   Section        0  spaceinvaders.o(.text.GameIntro)
    [Anonymous Symbol]                       0x00000cf0   Section        0  spaceinvaders.o(.text.GameMove)
    [Anonymous Symbol]                       0x00000e00   Section        0  spaceinvaders.o(.text.GameOver)
    [Anonymous Symbol]                       0x00000e84   Section        0  texas.o(.text.LogicAnalyzerA)
    [Anonymous Symbol]                       0x00000ea0   Section        0  texas.o(.text.LogicAnalyzerB)
    [Anonymous Symbol]                       0x00000ebc   Section        0  texas.o(.text.LogicAnalyzerC)
    [Anonymous Symbol]                       0x00000ed8   Section        0  texas.o(.text.LogicAnalyzerE)
    [Anonymous Symbol]                       0x00000ef4   Section        0  texas.o(.text.LogicAnalyzerF)
    [Anonymous Symbol]                       0x00000f10   Section        0  spaceinvaders.o(.text.MovePlayer)
    [Anonymous Symbol]                       0x00000f90   Section        0  st7735.o(.text.Output_Clear)
    [Anonymous Symbol]                       0x00000f9c   Section        0  st7735.o(.text.Output_Init)
    [Anonymous Symbol]                       0x00000fac   Section        0  pll.o(.text.PLL_Init)
    [Anonymous Symbol]                       0x00001038   Section        0  texas.o(.text.PeriodicTask2_Init)
    [Anonymous Symbol]                       0x00001120   Section        0  st7735.o(.text.ST7735_DrawBitmap)
    [Anonymous Symbol]                       0x0000136c   Section        0  st7735.o(.text.ST7735_DrawCharS)
    [Anonymous Symbol]                       0x00001520   Section        0  st7735.o(.text.ST7735_DrawPixel)
    [Anonymous Symbol]                       0x00001590   Section        0  st7735.o(.text.ST7735_DrawString)
    [Anonymous Symbol]                       0x0000162c   Section        0  st7735.o(.text.ST7735_FillRect)
    [Anonymous Symbol]                       0x0000176c   Section        0  st7735.o(.text.ST7735_FillScreen)
    [Anonymous Symbol]                       0x000017a0   Section        0  st7735.o(.text.ST7735_InitR)
    [Anonymous Symbol]                       0x00001848   Section        0  st7735.o(.text.ST7735_OutChar)
    [Anonymous Symbol]                       0x00001958   Section        0  st7735.o(.text.ST7735_OutString)
    [Anonymous Symbol]                       0x0000197c   Section        0  st7735.o(.text.ST7735_OutUDec)
    [Anonymous Symbol]                       0x00001a34   Section        0  st7735.o(.text.ST7735_SetCursor)
    [Anonymous Symbol]                       0x00001a6c   Section        0  texas.o(.text.Scope)
    [Anonymous Symbol]                       0x00001a84   Section        0  texas.o(.text.TExaS_Init)
    [Anonymous Symbol]                       0x00001bec   Section        0  timer0.o(.text.Timer0A_Handler)
    [Anonymous Symbol]                       0x00001c08   Section        0  timer0.o(.text.Timer0A_Stop)
    [Anonymous Symbol]                       0x00001c18   Section        0  timer0.o(.text.Timer0_Init)
    [Anonymous Symbol]                       0x00001cb4   Section        0  spaceinvaders.o(.text.Timer1A_Handler)
    [Anonymous Symbol]                       0x00001cd4   Section        0  timer1.o(.text.Timer1_Init)
    [Anonymous Symbol]                       0x00001d6c   Section        0  wave.o(.text.Timer2A_Handler)
    [Anonymous Symbol]                       0x00001dd4   Section        0  wave.o(.text.Timer2A_Init)
    [Anonymous Symbol]                       0x00001e5c   Section        0  wave.o(.text.Timer2A_Start)
    [Anonymous Symbol]                       0x00001e6c   Section        0  texas.o(.text.Timer5A_Handler)
    [Anonymous Symbol]                       0x00001e88   Section        0  texas.o(.text.UART0_Init)
    [Anonymous Symbol]                       0x00001f28   Section        0  wave.o(.text.Wave_Highpitch)
    [Anonymous Symbol]                       0x00001f3c   Section        0  wave.o(.text.Wave_Init)
    [Anonymous Symbol]                       0x00001f54   Section        0  wave.o(.text.Wave_Killed)
    [Anonymous Symbol]                       0x00001f68   Section        0  wave.o(.text.Wave_Shoot)
    [Anonymous Symbol]                       0x00001f7c   Section        0  wave.o(.text.Wave_Start)
    [Anonymous Symbol]                       0x00001fa4   Section        0  wave.o(.text.Wave_Stop)
    [Anonymous Symbol]                       0x00001fb4   Section        0  spaceinvaders.o(.text.checkDestroy)
    commandList                              0x00002049   Thumb Code   170  st7735.o(.text.commandList)
    [Anonymous Symbol]                       0x00002048   Section        0  st7735.o(.text.commandList)
    commonInit                               0x000020f5   Thumb Code   418  st7735.o(.text.commonInit)
    [Anonymous Symbol]                       0x000020f4   Section        0  st7735.o(.text.commonInit)
    [Anonymous Symbol]                       0x00002298   Section        0  spaceinvaders.o(.text.convert)
    [Anonymous Symbol]                       0x000022b8   Section        0  spaceinvaders.o(.text.destroyEnemy)
    [Anonymous Symbol]                       0x000022dc   Section        0  spaceinvaders.o(.text.main)
    pushColor                                0x00002425   Thumb Code    28  st7735.o(.text.pushColor)
    [Anonymous Symbol]                       0x00002424   Section        0  st7735.o(.text.pushColor)
    setAddrWindow                            0x00002441   Thumb Code   148  st7735.o(.text.setAddrWindow)
    [Anonymous Symbol]                       0x00002440   Section        0  st7735.o(.text.setAddrWindow)
    [Anonymous Symbol]                       0x000024d4   Section        0  spaceinvaders.o(.text.shootBullet)
    [Anonymous Symbol]                       0x000025a4   Section        0  st7735.o(.text.writecommand)
    [Anonymous Symbol]                       0x000025d0   Section        0  st7735.o(.text.writedata)
    Font                                     0x000027f0   Data        1275  st7735.o(.rodata.Font)
    [Anonymous Symbol]                       0x000027f0   Section        0  st7735.o(.rodata.Font)
    Rcmd1                                    0x00002e0c   Data          59  st7735.o(.rodata.Rcmd1)
    [Anonymous Symbol]                       0x00002e0c   Section        0  st7735.o(.rodata.Rcmd1)
    Rcmd2green                               0x00002e47   Data          13  st7735.o(.rodata.Rcmd2green)
    [Anonymous Symbol]                       0x00002e47   Section        0  st7735.o(.rodata.Rcmd2green)
    Rcmd2red                                 0x00002e54   Data          13  st7735.o(.rodata.Rcmd2red)
    [Anonymous Symbol]                       0x00002e54   Section        0  st7735.o(.rodata.Rcmd2red)
    Rcmd3                                    0x00002e61   Data          43  st7735.o(.rodata.Rcmd3)
    [Anonymous Symbol]                       0x00002e61   Section        0  st7735.o(.rodata.Rcmd3)
    .L.str.5                                 0x00005a77   Data          20  spaceinvaders.o(.rodata.str1.1)
    [Anonymous Symbol]                       0x00005a77   Section        0  spaceinvaders.o(.rodata.str1.1)
    .L.str.6                                 0x00005a8b   Data          17  spaceinvaders.o(.rodata.str1.1)
    .L.str.1                                 0x00005a9c   Data          16  spaceinvaders.o(.rodata.str1.1)
    .L.str                                   0x00005aac   Data          10  spaceinvaders.o(.rodata.str1.1)
    .L.str.4                                 0x00005ab6   Data          15  spaceinvaders.o(.rodata.str1.1)
    .L.str.3                                 0x00005ac5   Data           8  spaceinvaders.o(.rodata.str1.1)
    .L.str.2                                 0x00005acd   Data           6  spaceinvaders.o(.rodata.str1.1)
    .L.str                                   0x00005ad3   Data          22  st7735.o(.rodata.str1.1)
    [Anonymous Symbol]                       0x00005ad3   Section        0  st7735.o(.rodata.str1.1)
    _height                                  0x20000002   Data           2  st7735.o(.data._height)
    [Anonymous Symbol]                       0x20000002   Section        0  st7735.o(.data._height)
    _width                                   0x20000004   Data           2  st7735.o(.data._width)
    [Anonymous Symbol]                       0x20000004   Section        0  st7735.o(.data._width)
    M                                        0x20000038   Data           4  random.o(DATA)
    DATA                                     0x20000038   Section        4  random.o(DATA)
    .bss                                     0x20000040   Section       96  libspace.o(.bss)
    ColStart                                 0x200000a4   Data           1  st7735.o(.bss.ColStart)
    [Anonymous Symbol]                       0x200000a4   Section        0  st7735.o(.bss.ColStart)
    GameMove.change                          0x200000a8   Data           4  spaceinvaders.o(.bss.GameMove.change)
    [Anonymous Symbol]                       0x200000a8   Section        0  spaceinvaders.o(.bss.GameMove.change)
    RowStart                                 0x200000c0   Data           1  st7735.o(.bss.RowStart)
    [Anonymous Symbol]                       0x200000c0   Section        0  st7735.o(.bss.RowStart)
    TabColor                                 0x200000cc   Data           1  st7735.o(.bss.TabColor)
    [Anonymous Symbol]                       0x200000cc   Section        0  st7735.o(.bss.TabColor)
    HeapMem                                  0x20000158   Data           0  startup.o(HEAP)
    StackMem                                 0x20000158   Data           0  startup.o(STACK)
    HEAP                                     0x20000158   Section        0  startup.o(HEAP)
    STACK                                    0x20000158   Section     1024  startup.o(STACK)

    Global Symbols

    Symbol Name                              Value     Ov Type        Size  Object(Section)

    BuildAttributes$$THM_ISAv4$E$P$D$K$B$S$7EM$PE$A:L22UL41UL21$X:L11$S22US41US21$IEEE1$IW$~IW$USESV6$~STKCKD$USESV7$~SHL$OSPACE$ROPI$EBA8$UX$STANDARDLIB$REQ8$PRES8$EABIv2 0x00000000   Number         0  anon$$obj.o ABSOLUTE
    __Vectors                                0x00000000   Data           0  startup.o(RESET)
    __fp_init_empty                          0x00000000   Number         0  fpinit_empty.o ABSOLUTE
    __ARM_exceptions_init                     - Undefined Weak Reference
    __alloca_initialize                       - Undefined Weak Reference
    __arm_preinit_                            - Undefined Weak Reference
    __arm_relocate_pie_                       - Undefined Weak Reference
    __cpp_initialize__aeabi_                  - Undefined Weak Reference
    __cxa_finalize                            - Undefined Weak Reference
    __rt_locale                               - Undefined Weak Reference
    __sigvec_lookup                           - Undefined Weak Reference
    _atexit_init                              - Undefined Weak Reference
    _call_atexit_fns                          - Undefined Weak Reference
    _clock_init                               - Undefined Weak Reference
    _fp_trap_init                             - Undefined Weak Reference
    _fp_trap_shutdown                         - Undefined Weak Reference
    _get_lc_collate                           - Undefined Weak Reference
    _get_lc_ctype                             - Undefined Weak Reference
    _get_lc_monetary                          - Undefined Weak Reference
    _get_lc_numeric                           - Undefined Weak Reference
    _get_lc_time                              - Undefined Weak Reference
    _getenv_init                              - Undefined Weak Reference
    _handle_redirection                       - Undefined Weak Reference
    _init_alloc                               - Undefined Weak Reference
    _init_user_alloc                          - Undefined Weak Reference
    _initio                                   - Undefined Weak Reference
    _rand_init                                - Undefined Weak Reference
    _signal_finish                            - Undefined Weak Reference
    _signal_init                              - Undefined Weak Reference
    _terminate_alloc                          - Undefined Weak Reference
    _terminate_user_alloc                     - Undefined Weak Reference
    _terminateio                              - Undefined Weak Reference
    Reset_Handler                            0x0000026d   Thumb Code     0  startup.o(RESET)
    NMI_Handler                              0x00000271   Thumb Code     2  startup.o(RESET)
    HardFault_Handler                        0x00000273   Thumb Code     2  startup.o(RESET)
    MemManage_Handler                        0x00000275   Thumb Code     2  startup.o(RESET)
    BusFault_Handler                         0x00000277   Thumb Code     2  startup.o(RESET)
    UsageFault_Handler                       0x00000279   Thumb Code     2  startup.o(RESET)
    SVC_Handler                              0x0000027b   Thumb Code     2  startup.o(RESET)
    DebugMon_Handler                         0x0000027d   Thumb Code     2  startup.o(RESET)
    PendSV_Handler                           0x0000027f   Thumb Code     2  startup.o(RESET)
    SysTick_Handler                          0x00000281   Thumb Code     2  startup.o(RESET)
    ADC0Seq0_Handler                         0x00000283   Thumb Code     0  startup.o(RESET)
    ADC0Seq1_Handler                         0x00000283   Thumb Code     0  startup.o(RESET)
    ADC0Seq2_Handler                         0x00000283   Thumb Code     0  startup.o(RESET)
    ADC0Seq3_Handler                         0x00000283   Thumb Code     0  startup.o(RESET)
    ADC1Seq0_Handler                         0x00000283   Thumb Code     0  startup.o(RESET)
    ADC1Seq1_Handler                         0x00000283   Thumb Code     0  startup.o(RESET)
    ADC1Seq2_Handler                         0x00000283   Thumb Code     0  startup.o(RESET)
    ADC1Seq3_Handler                         0x00000283   Thumb Code     0  startup.o(RESET)
    CAN0_Handler                             0x00000283   Thumb Code     0  startup.o(RESET)
    CAN1_Handler                             0x00000283   Thumb Code     0  startup.o(RESET)
    CAN2_Handler                             0x00000283   Thumb Code     0  startup.o(RESET)
    Comp0_Handler                            0x00000283   Thumb Code     0  startup.o(RESET)
    Comp1_Handler                            0x00000283   Thumb Code     0  startup.o(RESET)
    Comp2_Handler                            0x00000283   Thumb Code     0  startup.o(RESET)
    Ethernet_Handler                         0x00000283   Thumb Code     0  startup.o(RESET)
    ExtBus_Handler                           0x00000283   Thumb Code     0  startup.o(RESET)
    FPU_Handler                              0x00000283   Thumb Code     0  startup.o(RESET)
    Fan0_Handler                             0x00000283   Thumb Code     0  startup.o(RESET)
    FlashCtl_Handler                         0x00000283   Thumb Code     0  startup.o(RESET)
    GPIOPortA_Handler                        0x00000283   Thumb Code     0  startup.o(RESET)
    GPIOPortB_Handler                        0x00000283   Thumb Code     0  startup.o(RESET)
    GPIOPortC_Handler                        0x00000283   Thumb Code     0  startup.o(RESET)
    GPIOPortD_Handler                        0x00000283   Thumb Code     0  startup.o(RESET)
    GPIOPortF_Handler                        0x00000283   Thumb Code     0  startup.o(RESET)
    GPIOPortG_Handler                        0x00000283   Thumb Code     0  startup.o(RESET)
    GPIOPortH_Handler                        0x00000283   Thumb Code     0  startup.o(RESET)
    GPIOPortJ_Handler                        0x00000283   Thumb Code     0  startup.o(RESET)
    GPIOPortK_Handler                        0x00000283   Thumb Code     0  startup.o(RESET)
    GPIOPortL_Handler                        0x00000283   Thumb Code     0  startup.o(RESET)
    GPIOPortM_Handler                        0x00000283   Thumb Code     0  startup.o(RESET)
    GPIOPortN_Handler                        0x00000283   Thumb Code     0  startup.o(RESET)
    GPIOPortP1_Handler                       0x00000283   Thumb Code     0  startup.o(RESET)
    GPIOPortP2_Handler                       0x00000283   Thumb Code     0  startup.o(RESET)
    GPIOPortP3_Handler                       0x00000283   Thumb Code     0  startup.o(RESET)
    GPIOPortP4_Handler                       0x00000283   Thumb Code     0  startup.o(RESET)
    GPIOPortP5_Handler                       0x00000283   Thumb Code     0  startup.o(RESET)
    GPIOPortP6_Handler                       0x00000283   Thumb Code     0  startup.o(RESET)
    GPIOPortP7_Handler                       0x00000283   Thumb Code     0  startup.o(RESET)
    GPIOPortP_Handler                        0x00000283   Thumb Code     0  startup.o(RESET)
    GPIOPortQ1_Handler                       0x00000283   Thumb Code     0  startup.o(RESET)
    GPIOPortQ2_Handler                       0x00000283   Thumb Code     0  startup.o(RESET)
    GPIOPortQ3_Handler                       0x00000283   Thumb Code     0  startup.o(RESET)
    GPIOPortQ4_Handler                       0x00000283   Thumb Code     0  startup.o(RESET)
    GPIOPortQ5_Handler                       0x00000283   Thumb Code     0  startup.o(RESET)
    GPIOPortQ6_Handler                       0x00000283   Thumb Code     0  startup.o(RESET)
    GPIOPortQ7_Handler                       0x00000283   Thumb Code     0  startup.o(RESET)
    GPIOPortQ_Handler                        0x00000283   Thumb Code     0  startup.o(RESET)
    GPIOPortR_Handler                        0x00000283   Thumb Code     0  startup.o(RESET)
    GPIOPortS_Handler                        0x00000283   Thumb Code     0  startup.o(RESET)
    Hibernate_Handler                        0x00000283   Thumb Code     0  startup.o(RESET)
    I2C0_Handler                             0x00000283   Thumb Code     0  startup.o(RESET)
    I2C1_Handler                             0x00000283   Thumb Code     0  startup.o(RESET)
    I2C2_Handler                             0x00000283   Thumb Code     0  startup.o(RESET)
    I2C3_Handler                             0x00000283   Thumb Code     0  startup.o(RESET)
    I2C4_Handler                             0x00000283   Thumb Code     0  startup.o(RESET)
    I2C5_Handler                             0x00000283   Thumb Code     0  startup.o(RESET)
    I2S0_Handler                             0x00000283   Thumb Code     0  startup.o(RESET)
    LPC0_Handler                             0x00000283   Thumb Code     0  startup.o(RESET)
    PECI0_Handler                            0x00000283   Thumb Code     0  startup.o(RESET)
    PWM0Fault_Handler                        0x00000283   Thumb Code     0  startup.o(RESET)
    PWM0Generator0_Handler                   0x00000283   Thumb Code     0  startup.o(RESET)
    PWM0Generator1_Handler                   0x00000283   Thumb Code     0  startup.o(RESET)
    PWM0Generator2_Handler                   0x00000283   Thumb Code     0  startup.o(RESET)
    PWM0Generator3_Handler                   0x00000283   Thumb Code     0  startup.o(RESET)
    PWM1Fault_Handler                        0x00000283   Thumb Code     0  startup.o(RESET)
    PWM1Generator0_Handler                   0x00000283   Thumb Code     0  startup.o(RESET)
    PWM1Generator1_Handler                   0x00000283   Thumb Code     0  startup.o(RESET)
    PWM1Generator2_Handler                   0x00000283   Thumb Code     0  startup.o(RESET)
    PWM1Generator3_Handler                   0x00000283   Thumb Code     0  startup.o(RESET)
    Quadrature0_Handler                      0x00000283   Thumb Code     0  startup.o(RESET)
    Quadrature1_Handler                      0x00000283   Thumb Code     0  startup.o(RESET)
    Quadrature2_Handler                      0x00000283   Thumb Code     0  startup.o(RESET)
    SSI0_Handler                             0x00000283   Thumb Code     0  startup.o(RESET)
    SSI1_Handler                             0x00000283   Thumb Code     0  startup.o(RESET)
    SSI2_Handler                             0x00000283   Thumb Code     0  startup.o(RESET)
    SSI3_Handler                             0x00000283   Thumb Code     0  startup.o(RESET)
    SysCtl_Handler                           0x00000283   Thumb Code     0  startup.o(RESET)
    Timer0B_Handler                          0x00000283   Thumb Code     0  startup.o(RESET)
    Timer1B_Handler                          0x00000283   Thumb Code     0  startup.o(RESET)
    Timer2B_Handler                          0x00000283   Thumb Code     0  startup.o(RESET)
    Timer3A_Handler                          0x00000283   Thumb Code     0  startup.o(RESET)
    Timer3B_Handler                          0x00000283   Thumb Code     0  startup.o(RESET)
    Timer4A_Handler                          0x00000283   Thumb Code     0  startup.o(RESET)
    Timer4B_Handler                          0x00000283   Thumb Code     0  startup.o(RESET)
    Timer5B_Handler                          0x00000283   Thumb Code     0  startup.o(RESET)
    UART0_Handler                            0x00000283   Thumb Code     0  startup.o(RESET)
    UART1_Handler                            0x00000283   Thumb Code     0  startup.o(RESET)
    UART2_Handler                            0x00000283   Thumb Code     0  startup.o(RESET)
    UART3_Handler                            0x00000283   Thumb Code     0  startup.o(RESET)
    UART4_Handler                            0x00000283   Thumb Code     0  startup.o(RESET)
    UART5_Handler                            0x00000283   Thumb Code     0  startup.o(RESET)
    UART6_Handler                            0x00000283   Thumb Code     0  startup.o(RESET)
    UART7_Handler                            0x00000283   Thumb Code     0  startup.o(RESET)
    USB0_Handler                             0x00000283   Thumb Code     0  startup.o(RESET)
    WDT_Handler                              0x00000283   Thumb Code     0  startup.o(RESET)
    WideTimer0A_Handler                      0x00000283   Thumb Code     0  startup.o(RESET)
    WideTimer0B_Handler                      0x00000283   Thumb Code     0  startup.o(RESET)
    WideTimer1A_Handler                      0x00000283   Thumb Code     0  startup.o(RESET)
    WideTimer1B_Handler                      0x00000283   Thumb Code     0  startup.o(RESET)
    WideTimer2A_Handler                      0x00000283   Thumb Code     0  startup.o(RESET)
    WideTimer2B_Handler                      0x00000283   Thumb Code     0  startup.o(RESET)
    WideTimer3A_Handler                      0x00000283   Thumb Code     0  startup.o(RESET)
    WideTimer3B_Handler                      0x00000283   Thumb Code     0  startup.o(RESET)
    WideTimer4A_Handler                      0x00000283   Thumb Code     0  startup.o(RESET)
    WideTimer4B_Handler                      0x00000283   Thumb Code     0  startup.o(RESET)
    WideTimer5A_Handler                      0x00000283   Thumb Code     0  startup.o(RESET)
    WideTimer5B_Handler                      0x00000283   Thumb Code     0  startup.o(RESET)
    uDMA_Error                               0x00000283   Thumb Code     0  startup.o(RESET)
    uDMA_Handler                             0x00000283   Thumb Code     0  startup.o(RESET)
    __main                                   0x00000285   Thumb Code     8  __main.o(!!!main)
    __scatterload                            0x0000028d   Thumb Code     0  __scatter.o(!!!scatter)
    __scatterload_rt2                        0x0000028d   Thumb Code    44  __scatter.o(!!!scatter)
    __scatterload_rt2_thumb_only             0x0000028d   Thumb Code     0  __scatter.o(!!!scatter)
    __scatterload_null                       0x0000029b   Thumb Code     0  __scatter.o(!!!scatter)
    __scatterload_copy                       0x000002c1   Thumb Code    26  __scatter_copy.o(!!handler_copy)
    __scatterload_zeroinit                   0x000002dd   Thumb Code    28  __scatter_zi.o(!!handler_zi)
    __rt_lib_init                            0x000002f9   Thumb Code     0  libinit.o(.ARM.Collect$$libinit$$00000000)
    __rt_lib_init_alloca_1                   0x000002fb   Thumb Code     0  libinit2.o(.ARM.Collect$$libinit$$00000030)
    __rt_lib_init_argv_1                     0x000002fb   Thumb Code     0  libinit2.o(.ARM.Collect$$libinit$$0000002E)
    __rt_lib_init_atexit_1                   0x000002fb   Thumb Code     0  libinit2.o(.ARM.Collect$$libinit$$0000001D)
    __rt_lib_init_clock_1                    0x000002fb   Thumb Code     0  libinit2.o(.ARM.Collect$$libinit$$00000023)
    __rt_lib_init_cpp_1                      0x000002fb   Thumb Code     0  libinit2.o(.ARM.Collect$$libinit$$00000034)
    __rt_lib_init_exceptions_1               0x000002fb   Thumb Code     0  libinit2.o(.ARM.Collect$$libinit$$00000032)
    __rt_lib_init_fp_1                       0x000002fb   Thumb Code     0  libinit2.o(.ARM.Collect$$libinit$$00000002)
    __rt_lib_init_fp_trap_1                  0x000002fb   Thumb Code     0  libinit2.o(.ARM.Collect$$libinit$$00000021)
    __rt_lib_init_getenv_1                   0x000002fb   Thumb Code     0  libinit2.o(.ARM.Collect$$libinit$$00000025)
    __rt_lib_init_heap_1                     0x000002fb   Thumb Code     0  libinit2.o(.ARM.Collect$$libinit$$0000000C)
    __rt_lib_init_lc_collate_1               0x000002fb   Thumb Code     0  libinit2.o(.ARM.Collect$$libinit$$00000013)
    __rt_lib_init_lc_ctype_1                 0x000002fb   Thumb Code     0  libinit2.o(.ARM.Collect$$libinit$$00000015)
    __rt_lib_init_lc_monetary_1              0x000002fb   Thumb Code     0  libinit2.o(.ARM.Collect$$libinit$$00000017)
    __rt_lib_init_lc_numeric_1               0x000002fb   Thumb Code     0  libinit2.o(.ARM.Collect$$libinit$$00000019)
    __rt_lib_init_lc_time_1                  0x000002fb   Thumb Code     0  libinit2.o(.ARM.Collect$$libinit$$0000001B)
    __rt_lib_init_preinit_1                  0x000002fb   Thumb Code     0  libinit2.o(.ARM.Collect$$libinit$$00000006)
    __rt_lib_init_rand_1                     0x000002fb   Thumb Code     0  libinit2.o(.ARM.Collect$$libinit$$00000010)
    __rt_lib_init_relocate_pie_1             0x000002fb   Thumb Code     0  libinit2.o(.ARM.Collect$$libinit$$00000004)
    __rt_lib_init_return                     0x000002fb   Thumb Code     0  libinit2.o(.ARM.Collect$$libinit$$00000035)
    __rt_lib_init_signal_1                   0x000002fb   Thumb Code     0  libinit2.o(.ARM.Collect$$libinit$$0000001F)
    __rt_lib_init_stdio_1                    0x000002fb   Thumb Code     0  libinit2.o(.ARM.Collect$$libinit$$00000027)
    __rt_lib_init_user_alloc_1               0x000002fb   Thumb Code     0  libinit2.o(.ARM.Collect$$libinit$$0000000E)
    __rt_lib_shutdown                        0x000002fd   Thumb Code     0  libshutdown.o(.ARM.Collect$$libshutdown$$00000000)
    __rt_lib_shutdown_cpp_1                  0x000002ff   Thumb Code     0  libshutdown2.o(.ARM.Collect$$libshutdown$$00000002)
    __rt_lib_shutdown_fp_trap_1              0x000002ff   Thumb Code     0  libshutdown2.o(.ARM.Collect$$libshutdown$$00000007)
    __rt_lib_shutdown_heap_1                 0x000002ff   Thumb Code     0  libshutdown2.o(.ARM.Collect$$libshutdown$$0000000F)
    __rt_lib_shutdown_return                 0x000002ff   Thumb Code     0  libshutdown2.o(.ARM.Collect$$libshutdown$$00000010)
    __rt_lib_shutdown_signal_1               0x000002ff   Thumb Code     0  libshutdown2.o(.ARM.Collect$$libshutdown$$0000000A)
    __rt_lib_shutdown_stdio_1                0x000002ff   Thumb Code     0  libshutdown2.o(.ARM.Collect$$libshutdown$$00000004)
    __rt_lib_shutdown_user_alloc_1           0x000002ff   Thumb Code     0  libshutdown2.o(.ARM.Collect$$libshutdown$$0000000C)
    __rt_entry                               0x00000301   Thumb Code     0  __rtentry.o(.ARM.Collect$$rtentry$$00000000)
    __rt_entry_presh_1                       0x00000301   Thumb Code     0  __rtentry2.o(.ARM.Collect$$rtentry$$00000002)
    __rt_entry_sh                            0x00000301   Thumb Code     0  __rtentry4.o(.ARM.Collect$$rtentry$$00000004)
    __rt_entry_li                            0x00000307   Thumb Code     0  __rtentry2.o(.ARM.Collect$$rtentry$$0000000A)
    __rt_entry_postsh_1                      0x00000307   Thumb Code     0  __rtentry2.o(.ARM.Collect$$rtentry$$00000009)
    __rt_entry_main                          0x0000030b   Thumb Code     0  __rtentry2.o(.ARM.Collect$$rtentry$$0000000D)
    __rt_entry_postli_1                      0x0000030b   Thumb Code     0  __rtentry2.o(.ARM.Collect$$rtentry$$0000000C)
    __rt_exit                                0x00000313   Thumb Code     0  rtexit.o(.ARM.Collect$$rtexit$$00000000)
    __rt_exit_ls                             0x00000315   Thumb Code     0  rtexit2.o(.ARM.Collect$$rtexit$$00000003)
    __rt_exit_prels_1                        0x00000315   Thumb Code     0  rtexit2.o(.ARM.Collect$$rtexit$$00000002)
    __rt_exit_exit                           0x00000319   Thumb Code     0  rtexit2.o(.ARM.Collect$$rtexit$$00000004)
    DisableInterrupts                        0x00000321   Thumb Code     0  startup.o(.text)
    EnableInterrupts                         0x00000325   Thumb Code     0  startup.o(.text)
    StartCritical                            0x00000329   Thumb Code     0  startup.o(.text)
    EndCritical                              0x00000331   Thumb Code     0  startup.o(.text)
    WaitForInterrupt                         0x00000337   Thumb Code     0  startup.o(.text)
    __user_initial_stackheap                 0x0000033b   Thumb Code     0  startup.o(.text)
    Random_Init                              0x00000351   Thumb Code     0  random.o(.text)
    Random32                                 0x00000357   Thumb Code     2  random.o(.text)
    Random                                   0x00000369   Thumb Code     2  random.o(.text)
    SPIOutCommand                            0x0000038d   Thumb Code     0  busywait.o(.text)
    SPIOutData                               0x000003b3   Thumb Code     0  busywait.o(.text)
    Dec2String                               0x000003d1   Thumb Code     0  stringconversion.o(.text)
    Fix2String                               0x0000043d   Thumb Code     0  stringconversion.o(.text)
    __use_two_region_memory                  0x000004d9   Thumb Code     2  heapauxi.o(.text)
    __rt_heap_escrow$2region                 0x000004db   Thumb Code     2  heapauxi.o(.text)
    __rt_heap_expand$2region                 0x000004dd   Thumb Code     2  heapauxi.o(.text)
    __user_setup_stackheap                   0x000004df   Thumb Code    74  sys_stackheap_outer.o(.text)
    exit                                     0x00000529   Thumb Code    18  exit.o(.text)
    __user_libspace                          0x0000053d   Thumb Code     8  libspace.o(.text)
    __user_perproc_libspace                  0x0000053d   Thumb Code     0  libspace.o(.text)
    __user_perthread_libspace                0x0000053d   Thumb Code     0  libspace.o(.text)
    _sys_exit                                0x00000545   Thumb Code     8  sys_exit.o(.text)
    __I$use$semihosting                      0x00000551   Thumb Code     0  use_no_semi.o(.text)
    __use_no_semihosting_swi                 0x00000551   Thumb Code     2  use_no_semi.o(.text)
    __semihosting_library_function           0x00000553   Thumb Code     0  indicate_semi.o(.text)
    ADC1_Init                                0x00000555   Thumb Code   252  texas.o(.text.ADC1_Init)
    ADC_In                                   0x00000651   Thumb Code    70  adc.o(.text.ADC_In)
    ADC_Init                                 0x00000699   Thumb Code   270  adc.o(.text.ADC_Init)
    DAC_Init                                 0x000007a9   Thumb Code    58  dac.o(.text.DAC_Init)
    DAC_Out                                  0x000007e5   Thumb Code    36  dac.o(.text.DAC_Out)
    Delay100ms                               0x00000809   Thumb Code    50  spaceinvaders.o(.text.Delay100ms)
    Delay1ms                                 0x0000083d   Thumb Code    46  st7735.o(.text.Delay1ms)
    EdgeCounter_Init                         0x0000086d   Thumb Code   184  spaceinvaders.o(.text.EdgeCounter_Init)
    GPIOPortE_Handler                        0x00000925   Thumb Code   302  spaceinvaders.o(.text.GPIOPortE_Handler)
    GameDraw                                 0x00000a55   Thumb Code   162  spaceinvaders.o(.text.GameDraw)
    GameInit                                 0x00000af9   Thumb Code   396  spaceinvaders.o(.text.GameInit)
    GameIntro                                0x00000c85   Thumb Code   106  spaceinvaders.o(.text.GameIntro)
    GameMove                                 0x00000cf1   Thumb Code   270  spaceinvaders.o(.text.GameMove)
    GameOver                                 0x00000e01   Thumb Code   130  spaceinvaders.o(.text.GameOver)
    LogicAnalyzerA                           0x00000e85   Thumb Code    28  texas.o(.text.LogicAnalyzerA)
    LogicAnalyzerB                           0x00000ea1   Thumb Code    26  texas.o(.text.LogicAnalyzerB)
    LogicAnalyzerC                           0x00000ebd   Thumb Code    28  texas.o(.text.LogicAnalyzerC)
    LogicAnalyzerE                           0x00000ed9   Thumb Code    26  texas.o(.text.LogicAnalyzerE)
    LogicAnalyzerF                           0x00000ef5   Thumb Code    26  texas.o(.text.LogicAnalyzerF)
    MovePlayer                               0x00000f11   Thumb Code   128  spaceinvaders.o(.text.MovePlayer)
    Output_Clear                             0x00000f91   Thumb Code    10  st7735.o(.text.Output_Clear)
    Output_Init                              0x00000f9d   Thumb Code    16  st7735.o(.text.Output_Init)
    PLL_Init                                 0x00000fad   Thumb Code   138  pll.o(.text.PLL_Init)
    PeriodicTask2_Init                       0x00001039   Thumb Code   232  texas.o(.text.PeriodicTask2_Init)
    ST7735_DrawBitmap                        0x00001121   Thumb Code   588  st7735.o(.text.ST7735_DrawBitmap)
    ST7735_DrawCharS                         0x0000136d   Thumb Code   436  st7735.o(.text.ST7735_DrawCharS)
    ST7735_DrawPixel                         0x00001521   Thumb Code   112  st7735.o(.text.ST7735_DrawPixel)
    ST7735_DrawString                        0x00001591   Thumb Code   154  st7735.o(.text.ST7735_DrawString)
    ST7735_FillRect                          0x0000162d   Thumb Code   318  st7735.o(.text.ST7735_FillRect)
    ST7735_FillScreen                        0x0000176d   Thumb Code    52  st7735.o(.text.ST7735_FillScreen)
    ST7735_InitR                             0x000017a1   Thumb Code   166  st7735.o(.text.ST7735_InitR)
    ST7735_OutChar                           0x00001849   Thumb Code   270  st7735.o(.text.ST7735_OutChar)
    ST7735_OutString                         0x00001959   Thumb Code    36  st7735.o(.text.ST7735_OutString)
    ST7735_OutUDec                           0x0000197d   Thumb Code   184  st7735.o(.text.ST7735_OutUDec)
    ST7735_SetCursor                         0x00001a35   Thumb Code    54  st7735.o(.text.ST7735_SetCursor)
    Scope                                    0x00001a6d   Thumb Code    24  texas.o(.text.Scope)
    TExaS_Init                               0x00001a85   Thumb Code   360  texas.o(.text.TExaS_Init)
    Timer0A_Handler                          0x00001bed   Thumb Code    26  timer0.o(.text.Timer0A_Handler)
    Timer0A_Stop                             0x00001c09   Thumb Code    16  timer0.o(.text.Timer0A_Stop)
    Timer0_Init                              0x00001c19   Thumb Code   154  timer0.o(.text.Timer0_Init)
    Timer1A_Handler                          0x00001cb5   Thumb Code    30  spaceinvaders.o(.text.Timer1A_Handler)
    Timer1_Init                              0x00001cd5   Thumb Code   150  timer1.o(.text.Timer1_Init)
    Timer2A_Handler                          0x00001d6d   Thumb Code   104  wave.o(.text.Timer2A_Handler)
    Timer2A_Init                             0x00001dd5   Thumb Code   136  wave.o(.text.Timer2A_Init)
    Timer2A_Start                            0x00001e5d   Thumb Code    16  wave.o(.text.Timer2A_Start)
    Timer5A_Handler                          0x00001e6d   Thumb Code    28  texas.o(.text.Timer5A_Handler)
    UART0_Init                               0x00001e89   Thumb Code   160  texas.o(.text.UART0_Init)
    Wave_Highpitch                           0x00001f29   Thumb Code    20  wave.o(.text.Wave_Highpitch)
    Wave_Init                                0x00001f3d   Thumb Code    22  wave.o(.text.Wave_Init)
    Wave_Killed                              0x00001f55   Thumb Code    20  wave.o(.text.Wave_Killed)
    Wave_Shoot                               0x00001f69   Thumb Code    20  wave.o(.text.Wave_Shoot)
    Wave_Start                               0x00001f7d   Thumb Code    40  wave.o(.text.Wave_Start)
    Wave_Stop                                0x00001fa5   Thumb Code    16  wave.o(.text.Wave_Stop)
    checkDestroy                             0x00001fb5   Thumb Code   146  spaceinvaders.o(.text.checkDestroy)
    convert                                  0x00002299   Thumb Code    30  spaceinvaders.o(.text.convert)
    destroyEnemy                             0x000022b9   Thumb Code    36  spaceinvaders.o(.text.destroyEnemy)
    main                                     0x000022dd   Thumb Code   328  spaceinvaders.o(.text.main)
    shootBullet                              0x000024d5   Thumb Code   206  spaceinvaders.o(.text.shootBullet)
    writecommand                             0x000025a5   Thumb Code    44  st7735.o(.text.writecommand)
    writedata                                0x000025d1   Thumb Code    44  st7735.o(.text.writedata)
    BlackEnemy                               0x000025fc   Data         320  spaceinvaders.o(.rodata.BlackEnemy)
    Bunker0                                  0x0000273c   Data         180  spaceinvaders.o(.rodata.Bunker0)
    PlayerShip0                              0x00002cec   Data         288  spaceinvaders.o(.rodata.PlayerShip0)
    SmallEnemy10pointA                       0x00002e8c   Data         320  spaceinvaders.o(.rodata.SmallEnemy10pointA)
    SmallEnemy10pointB                       0x00002fcc   Data         320  spaceinvaders.o(.rodata.SmallEnemy10pointB)
    SmallEnemy20pointA                       0x0000310c   Data         320  spaceinvaders.o(.rodata.SmallEnemy20pointA)
    SmallEnemy20pointB                       0x0000324c   Data         320  spaceinvaders.o(.rodata.SmallEnemy20pointB)
    SmallEnemy30pointA                       0x0000338c   Data         320  spaceinvaders.o(.rodata.SmallEnemy30pointA)
    SmallEnemy30pointB                       0x000034cc   Data         320  spaceinvaders.o(.rodata.SmallEnemy30pointB)
    bullet                                   0x0000360c   Data          64  spaceinvaders.o(.rodata.bullet)
    highpitch                                0x0000364c   Data        1802  wave.o(.rodata.highpitch)
    invaderkilled                            0x00003d56   Data        3377  wave.o(.rodata.invaderkilled)
    shoot                                    0x00004a87   Data        4080  wave.o(.rodata.shoot)
    Region$$Table$$Base                      0x00005aec   Number         0  anon$$obj.o(Region$$Table)
    Region$$Table$$Limit                     0x00005b0c   Number         0  anon$$obj.o(Region$$Table)
    StTextColor                              0x20000000   Data           2  st7735.o(.data.StTextColor)
    bunker                                   0x20000008   Data          16  spaceinvaders.o(.data.bunker)
    pBullet                                  0x20000018   Data          16  spaceinvaders.o(.data.pBullet)
    player                                   0x20000028   Data          16  spaceinvaders.o(.data.player)
    __libspace_start                         0x20000040   Data          96  libspace.o(.bss)
    ADCMail                                  0x200000a0   Data           4  spaceinvaders.o(.bss.ADCMail)
    __temporary_stack_top$libspace           0x200000a0   Data           0  libspace.o(.bss)
    Message                                  0x200000ac   Data          12  st7735.o(.bss.Message)
    PeriodicTask                             0x200000b8   Data           4  timer0.o(.bss.PeriodicTask)
    PeriodicTask2                            0x200000bc   Data           4  texas.o(.bss.PeriodicTask2)
    StX                                      0x200000c4   Data           4  st7735.o(.bss.StX)
    StY                                      0x200000c8   Data           4  st7735.o(.bss.StY)
    arr                                      0x200000d0   Data          96  spaceinvaders.o(.bss.arr)
    bulletShot                               0x20000130   Data           1  spaceinvaders.o(.bss.bulletShot)
    fallingEdges                             0x20000134   Data           4  spaceinvaders.o(.bss.fallingEdges)
    len                                      0x20000138   Data           4  wave.o(.bss.len)
    myLanguage                               0x2000013c   Data           1  spaceinvaders.o(.bss.myLanguage)
    numPauses                                0x20000140   Data           4  spaceinvaders.o(.bss.numPauses)
    numShoots                                0x20000144   Data           4  spaceinvaders.o(.bss.numShoots)
    p                                        0x20000148   Data           4  wave.o(.bss.p)
    pIndex                                   0x2000014c   Data           4  wave.o(.bss.pIndex)
    score                                    0x20000150   Data           4  spaceinvaders.o(.bss.score)
    status                                   0x20000154   Data           1  spaceinvaders.o(.bss.status)
    target                                   0x20000155   Data           1  spaceinvaders.o(.bss.target)



==============================================================================

Memory Map of the image

  Image Entry point : 0x0000026d

  Load Region LR_1 (Base: 0x00000000, Size: 0x00005b48, Max: 0xffffffff, ABSOLUTE)

    Execution Region ER_RO (Exec base: 0x00000000, Load base: 0x00000000, Size: 0x00005b0c, Max: 0xffffffff, ABSOLUTE)

    Exec Addr    Load Addr    Size         Type   Attr      Idx    E Section Name        Object

    0x00000000   0x00000000   0x00000284   Code   RO            3  * RESET               startup.o
    0x00000284   0x00000284   0x00000008   Code   RO          354  * !!!main             c_w.l(__main.o)
    0x0000028c   0x0000028c   0x00000034   Code   RO          519    !!!scatter          c_w.l(__scatter.o)
    0x000002c0   0x000002c0   0x0000001a   Code   RO          521    !!handler_copy      c_w.l(__scatter_copy.o)
    0x000002da   0x000002da   0x00000002   PAD
    0x000002dc   0x000002dc   0x0000001c   Code   RO          523    !!handler_zi        c_w.l(__scatter_zi.o)
    0x000002f8   0x000002f8   0x00000002   Code   RO          381    .ARM.Collect$$libinit$$00000000  c_w.l(libinit.o)
    0x000002fa   0x000002fa   0x00000000   Code   RO          388    .ARM.Collect$$libinit$$00000002  c_w.l(libinit2.o)
    0x000002fa   0x000002fa   0x00000000   Code   RO          390    .ARM.Collect$$libinit$$00000004  c_w.l(libinit2.o)
    0x000002fa   0x000002fa   0x00000000   Code   RO          392    .ARM.Collect$$libinit$$00000006  c_w.l(libinit2.o)
    0x000002fa   0x000002fa   0x00000000   Code   RO          395    .ARM.Collect$$libinit$$0000000C  c_w.l(libinit2.o)
    0x000002fa   0x000002fa   0x00000000   Code   RO          397    .ARM.Collect$$libinit$$0000000E  c_w.l(libinit2.o)
    0x000002fa   0x000002fa   0x00000000   Code   RO          399    .ARM.Collect$$libinit$$00000010  c_w.l(libinit2.o)
    0x000002fa   0x000002fa   0x00000000   Code   RO          402    .ARM.Collect$$libinit$$00000013  c_w.l(libinit2.o)
    0x000002fa   0x000002fa   0x00000000   Code   RO          404    .ARM.Collect$$libinit$$00000015  c_w.l(libinit2.o)
    0x000002fa   0x000002fa   0x00000000   Code   RO          406    .ARM.Collect$$libinit$$00000017  c_w.l(libinit2.o)
    0x000002fa   0x000002fa   0x00000000   Code   RO          408    .ARM.Collect$$libinit$$00000019  c_w.l(libinit2.o)
    0x000002fa   0x000002fa   0x00000000   Code   RO          410    .ARM.Collect$$libinit$$0000001B  c_w.l(libinit2.o)
    0x000002fa   0x000002fa   0x00000000   Code   RO          412    .ARM.Collect$$libinit$$0000001D  c_w.l(libinit2.o)
    0x000002fa   0x000002fa   0x00000000   Code   RO          414    .ARM.Collect$$libinit$$0000001F  c_w.l(libinit2.o)
    0x000002fa   0x000002fa   0x00000000   Code   RO          416    .ARM.Collect$$libinit$$00000021  c_w.l(libinit2.o)
    0x000002fa   0x000002fa   0x00000000   Code   RO          418    .ARM.Collect$$libinit$$00000023  c_w.l(libinit2.o)
    0x000002fa   0x000002fa   0x00000000   Code   RO          420    .ARM.Collect$$libinit$$00000025  c_w.l(libinit2.o)
    0x000002fa   0x000002fa   0x00000000   Code   RO          422    .ARM.Collect$$libinit$$00000027  c_w.l(libinit2.o)
    0x000002fa   0x000002fa   0x00000000   Code   RO          426    .ARM.Collect$$libinit$$0000002E  c_w.l(libinit2.o)
    0x000002fa   0x000002fa   0x00000000   Code   RO          428    .ARM.Collect$$libinit$$00000030  c_w.l(libinit2.o)
    0x000002fa   0x000002fa   0x00000000   Code   RO          430    .ARM.Collect$$libinit$$00000032  c_w.l(libinit2.o)
    0x000002fa   0x000002fa   0x00000000   Code   RO          432    .ARM.Collect$$libinit$$00000034  c_w.l(libinit2.o)
    0x000002fa   0x000002fa   0x00000002   Code   RO          433    .ARM.Collect$$libinit$$00000035  c_w.l(libinit2.o)
    0x000002fc   0x000002fc   0x00000002   Code   RO          455    .ARM.Collect$$libshutdown$$00000000  c_w.l(libshutdown.o)
    0x000002fe   0x000002fe   0x00000000   Code   RO          470    .ARM.Collect$$libshutdown$$00000002  c_w.l(libshutdown2.o)
    0x000002fe   0x000002fe   0x00000000   Code   RO          472    .ARM.Collect$$libshutdown$$00000004  c_w.l(libshutdown2.o)
    0x000002fe   0x000002fe   0x00000000   Code   RO          475    .ARM.Collect$$libshutdown$$00000007  c_w.l(libshutdown2.o)
    0x000002fe   0x000002fe   0x00000000   Code   RO          478    .ARM.Collect$$libshutdown$$0000000A  c_w.l(libshutdown2.o)
    0x000002fe   0x000002fe   0x00000000   Code   RO          480    .ARM.Collect$$libshutdown$$0000000C  c_w.l(libshutdown2.o)
    0x000002fe   0x000002fe   0x00000000   Code   RO          483    .ARM.Collect$$libshutdown$$0000000F  c_w.l(libshutdown2.o)
    0x000002fe   0x000002fe   0x00000002   Code   RO          484    .ARM.Collect$$libshutdown$$00000010  c_w.l(libshutdown2.o)
    0x00000300   0x00000300   0x00000000   Code   RO          356    .ARM.Collect$$rtentry$$00000000  c_w.l(__rtentry.o)
    0x00000300   0x00000300   0x00000000   Code   RO          358    .ARM.Collect$$rtentry$$00000002  c_w.l(__rtentry2.o)
    0x00000300   0x00000300   0x00000006   Code   RO          370    .ARM.Collect$$rtentry$$00000004  c_w.l(__rtentry4.o)
    0x00000306   0x00000306   0x00000000   Code   RO          360    .ARM.Collect$$rtentry$$00000009  c_w.l(__rtentry2.o)
    0x00000306   0x00000306   0x00000004   Code   RO          361    .ARM.Collect$$rtentry$$0000000A  c_w.l(__rtentry2.o)
    0x0000030a   0x0000030a   0x00000000   Code   RO          363    .ARM.Collect$$rtentry$$0000000C  c_w.l(__rtentry2.o)
    0x0000030a   0x0000030a   0x00000008   Code   RO          364    .ARM.Collect$$rtentry$$0000000D  c_w.l(__rtentry2.o)
    0x00000312   0x00000312   0x00000002   Code   RO          385    .ARM.Collect$$rtexit$$00000000  c_w.l(rtexit.o)
    0x00000314   0x00000314   0x00000000   Code   RO          435    .ARM.Collect$$rtexit$$00000002  c_w.l(rtexit2.o)
    0x00000314   0x00000314   0x00000004   Code   RO          436    .ARM.Collect$$rtexit$$00000003  c_w.l(rtexit2.o)
    0x00000318   0x00000318   0x00000006   Code   RO          437    .ARM.Collect$$rtexit$$00000004  c_w.l(rtexit2.o)
    0x0000031e   0x0000031e   0x00000002   PAD
    0x00000320   0x00000320   0x00000030   Code   RO            4    .text               startup.o
    0x00000350   0x00000350   0x0000003c   Code   RO           13    .text               random.o
    0x0000038c   0x0000038c   0x00000044   Code   RO          313    .text               busywait.o
    0x000003d0   0x000003d0   0x00000108   Code   RO          316    .text               stringconversion.o
    0x000004d8   0x000004d8   0x00000006   Code   RO          352    .text               c_w.l(heapauxi.o)
    0x000004de   0x000004de   0x0000004a   Code   RO          372    .text               c_w.l(sys_stackheap_outer.o)
    0x00000528   0x00000528   0x00000012   Code   RO          374    .text               c_w.l(exit.o)
    0x0000053a   0x0000053a   0x00000002   PAD
    0x0000053c   0x0000053c   0x00000008   Code   RO          382    .text               c_w.l(libspace.o)
    0x00000544   0x00000544   0x0000000c   Code   RO          445    .text               c_w.l(sys_exit.o)
    0x00000550   0x00000550   0x00000002   Code   RO          460    .text               c_w.l(use_no_semi.o)
    0x00000552   0x00000552   0x00000000   Code   RO          462    .text               c_w.l(indicate_semi.o)
    0x00000552   0x00000552   0x00000002   PAD
    0x00000554   0x00000554   0x000000fc   Code   RO          143    .text.ADC1_Init     texas.o
    0x00000650   0x00000650   0x00000046   Code   RO          159    .text.ADC_In        adc.o
    0x00000696   0x00000696   0x00000002   PAD
    0x00000698   0x00000698   0x0000010e   Code   RO          157    .text.ADC_Init      adc.o
    0x000007a6   0x000007a6   0x00000002   PAD
    0x000007a8   0x000007a8   0x0000003a   Code   RO          168    .text.DAC_Init      dac.o
    0x000007e2   0x000007e2   0x00000002   PAD
    0x000007e4   0x000007e4   0x00000024   Code   RO          170    .text.DAC_Out       dac.o
    0x00000808   0x00000808   0x00000032   Code   RO           45    .text.Delay100ms    spaceinvaders.o
    0x0000083a   0x0000083a   0x00000002   PAD
    0x0000083c   0x0000083c   0x0000002e   Code   RO          191    .text.Delay1ms      st7735.o
    0x0000086a   0x0000086a   0x00000002   PAD
    0x0000086c   0x0000086c   0x000000b8   Code   RO           47    .text.EdgeCounter_Init  spaceinvaders.o
    0x00000924   0x00000924   0x0000012e   Code   RO           49    .text.GPIOPortE_Handler  spaceinvaders.o
    0x00000a52   0x00000a52   0x00000002   PAD
    0x00000a54   0x00000a54   0x000000a2   Code   RO           63    .text.GameDraw      spaceinvaders.o
    0x00000af6   0x00000af6   0x00000002   PAD
    0x00000af8   0x00000af8   0x0000018c   Code   RO           57    .text.GameInit      spaceinvaders.o
    0x00000c84   0x00000c84   0x0000006a   Code   RO           55    .text.GameIntro     spaceinvaders.o
    0x00000cee   0x00000cee   0x00000002   PAD
    0x00000cf0   0x00000cf0   0x0000010e   Code   RO           59    .text.GameMove      spaceinvaders.o
    0x00000dfe   0x00000dfe   0x00000002   PAD
    0x00000e00   0x00000e00   0x00000082   Code   RO           65    .text.GameOver      spaceinvaders.o
    0x00000e82   0x00000e82   0x00000002   PAD
    0x00000e84   0x00000e84   0x0000001c   Code   RO          119    .text.LogicAnalyzerA  texas.o
    0x00000ea0   0x00000ea0   0x0000001a   Code   RO          121    .text.LogicAnalyzerB  texas.o
    0x00000eba   0x00000eba   0x00000002   PAD
    0x00000ebc   0x00000ebc   0x0000001c   Code   RO          123    .text.LogicAnalyzerC  texas.o
    0x00000ed8   0x00000ed8   0x0000001a   Code   RO          125    .text.LogicAnalyzerE  texas.o
    0x00000ef2   0x00000ef2   0x00000002   PAD
    0x00000ef4   0x00000ef4   0x0000001a   Code   RO          127    .text.LogicAnalyzerF  texas.o
    0x00000f0e   0x00000f0e   0x00000002   PAD
    0x00000f10   0x00000f10   0x00000080   Code   RO           61    .text.MovePlayer    spaceinvaders.o
    0x00000f90   0x00000f90   0x0000000a   Code   RO          273    .text.Output_Clear  st7735.o
    0x00000f9a   0x00000f9a   0x00000002   PAD
    0x00000f9c   0x00000f9c   0x00000010   Code   RO          271    .text.Output_Init   st7735.o
    0x00000fac   0x00000fac   0x0000008a   Code   RO          179    .text.PLL_Init      pll.o
    0x00001036   0x00001036   0x00000002   PAD
    0x00001038   0x00001038   0x000000e8   Code   RO          129    .text.PeriodicTask2_Init  texas.o
    0x00001120   0x00001120   0x0000024c   Code   RO          227    .text.ST7735_DrawBitmap  st7735.o
    0x0000136c   0x0000136c   0x000001b4   Code   RO          229    .text.ST7735_DrawCharS  st7735.o
    0x00001520   0x00001520   0x00000070   Code   RO          205    .text.ST7735_DrawPixel  st7735.o
    0x00001590   0x00001590   0x0000009a   Code   RO          233    .text.ST7735_DrawString  st7735.o
    0x0000162a   0x0000162a   0x00000002   PAD
    0x0000162c   0x0000162c   0x0000013e   Code   RO          215    .text.ST7735_FillRect  st7735.o
    0x0000176a   0x0000176a   0x00000002   PAD
    0x0000176c   0x0000176c   0x00000034   Code   RO          199    .text.ST7735_FillScreen  st7735.o
    0x000017a0   0x000017a0   0x000000a6   Code   RO          201    .text.ST7735_InitR  st7735.o
    0x00001846   0x00001846   0x00000002   PAD
    0x00001848   0x00001848   0x0000010e   Code   RO          259    .text.ST7735_OutChar  st7735.o
    0x00001956   0x00001956   0x00000002   PAD
    0x00001958   0x00001958   0x00000024   Code   RO          261    .text.ST7735_OutString  st7735.o
    0x0000197c   0x0000197c   0x000000b8   Code   RO          235    .text.ST7735_OutUDec  st7735.o
    0x00001a34   0x00001a34   0x00000036   Code   RO          197    .text.ST7735_SetCursor  st7735.o
    0x00001a6a   0x00001a6a   0x00000002   PAD
    0x00001a6c   0x00001a6c   0x00000018   Code   RO          117    .text.Scope         texas.o
    0x00001a84   0x00001a84   0x00000168   Code   RO          145    .text.TExaS_Init    texas.o
    0x00001bec   0x00001bec   0x0000001a   Code   RO           19    .text.Timer0A_Handler  timer0.o
    0x00001c06   0x00001c06   0x00000002   PAD
    0x00001c08   0x00001c08   0x00000010   Code   RO           21    .text.Timer0A_Stop  timer0.o
    0x00001c18   0x00001c18   0x0000009a   Code   RO           17    .text.Timer0_Init   timer0.o
    0x00001cb2   0x00001cb2   0x00000002   PAD
    0x00001cb4   0x00001cb4   0x0000001e   Code   RO           43    .text.Timer1A_Handler  spaceinvaders.o
    0x00001cd2   0x00001cd2   0x00000002   PAD
    0x00001cd4   0x00001cd4   0x00000096   Code   RO           33    .text.Timer1_Init   timer1.o
    0x00001d6a   0x00001d6a   0x00000002   PAD
    0x00001d6c   0x00001d6c   0x00000068   Code   RO          328    .text.Timer2A_Handler  wave.o
    0x00001dd4   0x00001dd4   0x00000088   Code   RO          320    .text.Timer2A_Init  wave.o
    0x00001e5c   0x00001e5c   0x00000010   Code   RO          322    .text.Timer2A_Start  wave.o
    0x00001e6c   0x00001e6c   0x0000001c   Code   RO          131    .text.Timer5A_Handler  texas.o
    0x00001e88   0x00001e88   0x000000a0   Code   RO          135    .text.UART0_Init    texas.o
    0x00001f28   0x00001f28   0x00000014   Code   RO          336    .text.Wave_Highpitch  wave.o
    0x00001f3c   0x00001f3c   0x00000016   Code   RO          326    .text.Wave_Init     wave.o
    0x00001f52   0x00001f52   0x00000002   PAD
    0x00001f54   0x00001f54   0x00000014   Code   RO          334    .text.Wave_Killed   wave.o
    0x00001f68   0x00001f68   0x00000014   Code   RO          332    .text.Wave_Shoot    wave.o
    0x00001f7c   0x00001f7c   0x00000028   Code   RO          330    .text.Wave_Start    wave.o
    0x00001fa4   0x00001fa4   0x00000010   Code   RO          324    .text.Wave_Stop     wave.o
    0x00001fb4   0x00001fb4   0x00000092   Code   RO           51    .text.checkDestroy  spaceinvaders.o
    0x00002046   0x00002046   0x00000002   PAD
    0x00002048   0x00002048   0x000000aa   Code   RO          203    .text.commandList   st7735.o
    0x000020f2   0x000020f2   0x00000002   PAD
    0x000020f4   0x000020f4   0x000001a2   Code   RO          195    .text.commonInit    st7735.o
    0x00002296   0x00002296   0x00000002   PAD
    0x00002298   0x00002298   0x0000001e   Code   RO           41    .text.convert       spaceinvaders.o
    0x000022b6   0x000022b6   0x00000002   PAD
    0x000022b8   0x000022b8   0x00000024   Code   RO           69    .text.destroyEnemy  spaceinvaders.o
    0x000022dc   0x000022dc   0x00000148   Code   RO           53    .text.main          spaceinvaders.o
    0x00002424   0x00002424   0x0000001c   Code   RO          209    .text.pushColor     st7735.o
    0x00002440   0x00002440   0x00000094   Code   RO          207    .text.setAddrWindow  st7735.o
    0x000024d4   0x000024d4   0x000000ce   Code   RO           67    .text.shootBullet   spaceinvaders.o
    0x000025a2   0x000025a2   0x00000002   PAD
    0x000025a4   0x000025a4   0x0000002c   Code   RO          187    .text.writecommand  st7735.o
    0x000025d0   0x000025d0   0x0000002c   Code   RO          189    .text.writedata     st7735.o
    0x000025fc   0x000025fc   0x00000140   Data   RO           71    .rodata.BlackEnemy  spaceinvaders.o
    0x0000273c   0x0000273c   0x000000b4   Data   RO           83    .rodata.Bunker0     spaceinvaders.o
    0x000027f0   0x000027f0   0x000004fb   Data   RO          296    .rodata.Font        st7735.o
    0x00002ceb   0x00002ceb   0x00000001   PAD
    0x00002cec   0x00002cec   0x00000120   Data   RO           79    .rodata.PlayerShip0  spaceinvaders.o
    0x00002e0c   0x00002e0c   0x0000003b   Data   RO          285    .rodata.Rcmd1       st7735.o
    0x00002e47   0x00002e47   0x0000000d   Data   RO          286    .rodata.Rcmd2green  st7735.o
    0x00002e54   0x00002e54   0x0000000d   Data   RO          289    .rodata.Rcmd2red    st7735.o
    0x00002e61   0x00002e61   0x0000002b   Data   RO          290    .rodata.Rcmd3       st7735.o
    0x00002e8c   0x00002e8c   0x00000140   Data   RO           72    .rodata.SmallEnemy10pointA  spaceinvaders.o
    0x00002fcc   0x00002fcc   0x00000140   Data   RO           74    .rodata.SmallEnemy10pointB  spaceinvaders.o
    0x0000310c   0x0000310c   0x00000140   Data   RO           75    .rodata.SmallEnemy20pointA  spaceinvaders.o
    0x0000324c   0x0000324c   0x00000140   Data   RO           76    .rodata.SmallEnemy20pointB  spaceinvaders.o
    0x0000338c   0x0000338c   0x00000140   Data   RO           77    .rodata.SmallEnemy30pointA  spaceinvaders.o
    0x000034cc   0x000034cc   0x00000140   Data   RO           78    .rodata.SmallEnemy30pointB  spaceinvaders.o
    0x0000360c   0x0000360c   0x00000040   Data   RO           73    .rodata.bullet      spaceinvaders.o
    0x0000364c   0x0000364c   0x0000070a   Data   RO          343    .rodata.highpitch   wave.o
    0x00003d56   0x00003d56   0x00000d31   Data   RO          342    .rodata.invaderkilled  wave.o
    0x00004a87   0x00004a87   0x00000ff0   Data   RO          341    .rodata.shoot       wave.o
    0x00005a77   0x00005a77   0x0000005c   Data   RO          105    .rodata.str1.1      spaceinvaders.o
    0x00005ad3   0x00005ad3   0x00000016   Data   RO          305    .rodata.str1.1      st7735.o
    0x00005ae9   0x00005ae9   0x00000003   PAD
    0x00005aec   0x00005aec   0x00000020   Data   RO          518    Region$$Table       anon$$obj.o


    Execution Region ER_RW (Exec base: 0x20000000, Load base: 0x00005b0c, Size: 0x0000003c, Max: 0xffffffff, ABSOLUTE)

    Exec Addr    Load Addr    Size         Type   Attr      Idx    E Section Name        Object

    0x20000000   0x00005b0c   0x00000002   Data   RW          283    .data.StTextColor   st7735.o
    0x20000002   0x00005b0e   0x00000002   Data   RW          293    .data._height       st7735.o
    0x20000004   0x00005b10   0x00000002   Data   RW          292    .data._width        st7735.o
    0x20000006   0x00005b12   0x00000002   PAD
    0x20000008   0x00005b14   0x00000010   Data   RW           93    .data.bunker        spaceinvaders.o
    0x20000018   0x00005b24   0x00000010   Data   RW           94    .data.pBullet       spaceinvaders.o
    0x20000028   0x00005b34   0x00000010   Data   RW           92    .data.player        spaceinvaders.o
    0x20000038   0x00005b44   0x00000004   Data   RW           12    DATA                random.o


    Execution Region ER_ZI (Exec base: 0x20000040, Load base: 0x00005b48, Size: 0x00000518, Max: 0xffffffff, ABSOLUTE)

    Exec Addr    Load Addr    Size         Type   Attr      Idx    E Section Name        Object

    0x20000040        -       0x00000060   Zero   RW          383    .bss                c_w.l(libspace.o)
    0x200000a0        -       0x00000004   Zero   RW           95    .bss.ADCMail        spaceinvaders.o
    0x200000a4        -       0x00000001   Zero   RW          287    .bss.ColStart       st7735.o
    0x200000a5   0x00005b48   0x00000003   PAD
    0x200000a8        -       0x00000004   Zero   RW          107    .bss.GameMove.change  spaceinvaders.o
    0x200000ac        -       0x0000000c   Zero   RW          297    .bss.Message        st7735.o
    0x200000b8        -       0x00000004   Zero   RW           25    .bss.PeriodicTask   timer0.o
    0x200000bc        -       0x00000004   Zero   RW          149    .bss.PeriodicTask2  texas.o
    0x200000c0        -       0x00000001   Zero   RW          288    .bss.RowStart       st7735.o
    0x200000c1   0x00005b48   0x00000003   PAD
    0x200000c4        -       0x00000004   Zero   RW          281    .bss.StX            st7735.o
    0x200000c8        -       0x00000004   Zero   RW          282    .bss.StY            st7735.o
    0x200000cc        -       0x00000001   Zero   RW          291    .bss.TabColor       st7735.o
    0x200000cd   0x00005b48   0x00000003   PAD
    0x200000d0        -       0x00000060   Zero   RW          106    .bss.arr            spaceinvaders.o
    0x20000130        -       0x00000001   Zero   RW           96    .bss.bulletShot     spaceinvaders.o
    0x20000131   0x00005b48   0x00000003   PAD
    0x20000134        -       0x00000004   Zero   RW           98    .bss.fallingEdges   spaceinvaders.o
    0x20000138        -       0x00000004   Zero   RW          340    .bss.len            wave.o
    0x2000013c        -       0x00000001   Zero   RW          100    .bss.myLanguage     spaceinvaders.o
    0x2000013d   0x00005b48   0x00000003   PAD
    0x20000140        -       0x00000004   Zero   RW          102    .bss.numPauses      spaceinvaders.o
    0x20000144        -       0x00000004   Zero   RW           99    .bss.numShoots      spaceinvaders.o
    0x20000148        -       0x00000004   Zero   RW          339    .bss.p              wave.o
    0x2000014c        -       0x00000004   Zero   RW          338    .bss.pIndex         wave.o
    0x20000150        -       0x00000004   Zero   RW          104    .bss.score          spaceinvaders.o
    0x20000154        -       0x00000001   Zero   RW          103    .bss.status         spaceinvaders.o
    0x20000155        -       0x00000001   Zero   RW          101    .bss.target         spaceinvaders.o
    0x20000156   0x00005b48   0x00000002   PAD
    0x20000158        -       0x00000000   Zero   RW            2    HEAP                startup.o
    0x20000158        -       0x00000400   Zero   RW            1    STACK               startup.o


==============================================================================

Image component sizes


      Code (inc. data)   RO Data    RW Data    ZI Data      Debug   Object Name

       340          0          0          0          0        755   adc.o
        68          2          0          0          0        252   busywait.o
        94          0          0          0          0        665   dac.o
       138          0          0          0          0        574   pll.o
        60         14          0          4          0        228   random.o
      2504          0       2864         48        124       5709   spaceinvaders.o
      3294          0       1425          6         23      12608   st7735.o
       692        632          0          0       1024        956   startup.o
       264          0          0          0          0        324   stringconversion.o
      1190          0          0          0          4       2841   texas.o
       196          0          0          0          4        993   timer0.o
       150          0          0          0          0        643   timer1.o
       394          0       9259          0         12       1754   wave.o

    ----------------------------------------------------------------------
      9444        648      13584         60       1208      28302   Object Totals
         0          0         32          0          0          0   (incl. Generated)
        60          0          4          2         17          0   (incl. Padding)

    ----------------------------------------------------------------------

      Code (inc. data)   RO Data    RW Data    ZI Data      Debug   Library Member Name

         8          0          0          0          0         68   __main.o
         0          0          0          0          0          0   __rtentry.o
        12          0          0          0          0          0   __rtentry2.o
         6          0          0          0          0          0   __rtentry4.o
        52          8          0          0          0          0   __scatter.o
        26          0          0          0          0          0   __scatter_copy.o
        28          0          0          0          0          0   __scatter_zi.o
        18          0          0          0          0         80   exit.o
         6          0          0          0          0        152   heapauxi.o
         0          0          0          0          0          0   indicate_semi.o
         2          0          0          0          0          0   libinit.o
         2          0          0          0          0          0   libinit2.o
         2          0          0          0          0          0   libshutdown.o
         2          0          0          0          0          0   libshutdown2.o
         8          4          0          0         96         68   libspace.o
         2          0          0          0          0          0   rtexit.o
        10          0          0          0          0          0   rtexit2.o
        12          4          0          0          0         68   sys_exit.o
        74          0          0          0          0         80   sys_stackheap_outer.o
         2          0          0          0          0         68   use_no_semi.o

    ----------------------------------------------------------------------
       280         16          0          0         96        584   Library Totals
         8          0          0          0          0          0   (incl. Padding)

    ----------------------------------------------------------------------

      Code (inc. data)   RO Data    RW Data    ZI Data      Debug   Library Name

       272         16          0          0         96        584   c_w.l

    ----------------------------------------------------------------------
       280         16          0          0         96        584   Library Totals

    ----------------------------------------------------------------------

==============================================================================


      Code (inc. data)   RO Data    RW Data    ZI Data      Debug   

      9724        664      13584         60       1304      28618   Grand Totals
      9724        664      13584         60       1304      28618   ELF Image Totals
      9724        664      13584         60          0          0   ROM Totals

==============================================================================

    Total RO  Size (Code + RO Data)                23308 (  22.76kB)
    Total RW  Size (RW Data + ZI Data)              1364 (   1.33kB)
    Total ROM Size (Code + RO Data + RW Data)      23368 (  22.82kB)

==============================================================================

